Archive member included to satisfy reference by file (symbol)

/usr/lib/gcc/arm-none-eabi/8.3.1/libgcc.a(_udivsi3.o)
                              /media/ijk98/EEFF-DBBA/empty_folder/other_doc/rasp_spi/RaspberryPi-FreeRTOS-final/build/Drivers/lan9514/lib/dwhcixferstagedata.o (__aeabi_uidiv)
/usr/lib/gcc/arm-none-eabi/8.3.1/libgcc.a(_dvmd_tls.o)
                              /usr/lib/gcc/arm-none-eabi/8.3.1/libgcc.a(_udivsi3.o) (__aeabi_idiv0)
/usr/lib/gcc/arm-none-eabi/8.3.1/libgcc.a(_arm_addsubdf3.o)
                              /media/ijk98/EEFF-DBBA/empty_folder/other_doc/rasp_spi/RaspberryPi-FreeRTOS-final/build/Drivers/video.o (__aeabi_dsub)
/usr/lib/gcc/arm-none-eabi/8.3.1/libgcc.a(_arm_fixdfsi.o)
                              /media/ijk98/EEFF-DBBA/empty_folder/other_doc/rasp_spi/RaspberryPi-FreeRTOS-final/build/Drivers/video.o (__aeabi_d2iz)

Allocating common symbols
Common symbol       size              file

SCREEN_WIDTH        0x4               /media/ijk98/EEFF-DBBA/empty_folder/other_doc/rasp_spi/RaspberryPi-FreeRTOS-final/build/Drivers/video.o
s_bWereEnabled      0x1               /media/ijk98/EEFF-DBBA/empty_folder/other_doc/rasp_spi/RaspberryPi-FreeRTOS-final/build/FreeRTOS/Source/portable/GCC/RaspberryPi/portisr.o
xBoundUdpSocketsList
                    0x14              /media/ijk98/EEFF-DBBA/empty_folder/other_doc/rasp_spi/RaspberryPi-FreeRTOS-final/build/Drivers/FreeRTOS-Plus-TCP/FreeRTOS_Sockets.o
SCREEN_HEIGHT       0x4               /media/ijk98/EEFF-DBBA/empty_folder/other_doc/rasp_spi/RaspberryPi-FreeRTOS-final/build/Drivers/video.o
framebuffer         0x4               /media/ijk98/EEFF-DBBA/empty_folder/other_doc/rasp_spi/RaspberryPi-FreeRTOS-final/build/Drivers/video.o
mailbuffer          0x58              /media/ijk98/EEFF-DBBA/empty_folder/other_doc/rasp_spi/RaspberryPi-FreeRTOS-final/build/Drivers/video.o
xBoundTcpSocketsList
                    0x14              /media/ijk98/EEFF-DBBA/empty_folder/other_doc/rasp_spi/RaspberryPi-FreeRTOS-final/build/Drivers/FreeRTOS-Plus-TCP/FreeRTOS_Sockets.o

Memory Configuration

Name             Origin             Length             Attributes
RESERVED         0x0000000000000000 0x0000000000008000 r
INIT_RAM         0x0000000000008000 0x0000000000008000 xrw
RAM              0x0000000000010000 0x0000000008000000 xrw
*default*        0x0000000000000000 0xffffffffffffffff

Linker script and memory map

LOAD /media/ijk98/EEFF-DBBA/empty_folder/other_doc/rasp_spi/RaspberryPi-FreeRTOS-final/build/FreeRTOS/Source/portable/GCC/RaspberryPi/port.o
LOAD /media/ijk98/EEFF-DBBA/empty_folder/other_doc/rasp_spi/RaspberryPi-FreeRTOS-final/build/FreeRTOS/Source/portable/GCC/RaspberryPi/portisr.o
LOAD /media/ijk98/EEFF-DBBA/empty_folder/other_doc/rasp_spi/RaspberryPi-FreeRTOS-final/build/FreeRTOS/Source/croutine.o
LOAD /media/ijk98/EEFF-DBBA/empty_folder/other_doc/rasp_spi/RaspberryPi-FreeRTOS-final/build/FreeRTOS/Source/list.o
LOAD /media/ijk98/EEFF-DBBA/empty_folder/other_doc/rasp_spi/RaspberryPi-FreeRTOS-final/build/FreeRTOS/Source/queue.o
LOAD /media/ijk98/EEFF-DBBA/empty_folder/other_doc/rasp_spi/RaspberryPi-FreeRTOS-final/build/FreeRTOS/Source/tasks.o
LOAD /media/ijk98/EEFF-DBBA/empty_folder/other_doc/rasp_spi/RaspberryPi-FreeRTOS-final/build/FreeRTOS/Source/event_groups.o
LOAD /media/ijk98/EEFF-DBBA/empty_folder/other_doc/rasp_spi/RaspberryPi-FreeRTOS-final/build/Drivers/interrupts.o
LOAD /media/ijk98/EEFF-DBBA/empty_folder/other_doc/rasp_spi/RaspberryPi-FreeRTOS-final/build/Drivers/gpio.o
LOAD /media/ijk98/EEFF-DBBA/empty_folder/other_doc/rasp_spi/RaspberryPi-FreeRTOS-final/build/FreeRTOS/Source/portable/MemMang/heap_4.o
LOAD /media/ijk98/EEFF-DBBA/empty_folder/other_doc/rasp_spi/RaspberryPi-FreeRTOS-final/build/Demo/startup.o
LOAD /media/ijk98/EEFF-DBBA/empty_folder/other_doc/rasp_spi/RaspberryPi-FreeRTOS-final/build/Demo/main.o
LOAD /media/ijk98/EEFF-DBBA/empty_folder/other_doc/rasp_spi/RaspberryPi-FreeRTOS-final/build/Drivers/mailbox.o
LOAD /media/ijk98/EEFF-DBBA/empty_folder/other_doc/rasp_spi/RaspberryPi-FreeRTOS-final/build/Demo/trace.o
LOAD /media/ijk98/EEFF-DBBA/empty_folder/other_doc/rasp_spi/RaspberryPi-FreeRTOS-final/build/Drivers/mem.o
LOAD /media/ijk98/EEFF-DBBA/empty_folder/other_doc/rasp_spi/RaspberryPi-FreeRTOS-final/build/Drivers/video.o
LOAD /media/ijk98/EEFF-DBBA/empty_folder/other_doc/rasp_spi/RaspberryPi-FreeRTOS-final/build/Drivers/lan9514/uspibind.o
LOAD /media/ijk98/EEFF-DBBA/empty_folder/other_doc/rasp_spi/RaspberryPi-FreeRTOS-final/build/Drivers/lan9514/lib/uspilibrary.o
LOAD /media/ijk98/EEFF-DBBA/empty_folder/other_doc/rasp_spi/RaspberryPi-FreeRTOS-final/build/Drivers/lan9514/lib/dwhcidevice.o
LOAD /media/ijk98/EEFF-DBBA/empty_folder/other_doc/rasp_spi/RaspberryPi-FreeRTOS-final/build/Drivers/lan9514/lib/dwhciregister.o
LOAD /media/ijk98/EEFF-DBBA/empty_folder/other_doc/rasp_spi/RaspberryPi-FreeRTOS-final/build/Drivers/lan9514/lib/dwhcixferstagedata.o
LOAD /media/ijk98/EEFF-DBBA/empty_folder/other_doc/rasp_spi/RaspberryPi-FreeRTOS-final/build/Drivers/lan9514/lib/usbconfigparser.o
LOAD /media/ijk98/EEFF-DBBA/empty_folder/other_doc/rasp_spi/RaspberryPi-FreeRTOS-final/build/Drivers/lan9514/lib/usbdevice.o
LOAD /media/ijk98/EEFF-DBBA/empty_folder/other_doc/rasp_spi/RaspberryPi-FreeRTOS-final/build/Drivers/lan9514/lib/usbdevicefactory.o
LOAD /media/ijk98/EEFF-DBBA/empty_folder/other_doc/rasp_spi/RaspberryPi-FreeRTOS-final/build/Drivers/lan9514/lib/usbendpoint.o
LOAD /media/ijk98/EEFF-DBBA/empty_folder/other_doc/rasp_spi/RaspberryPi-FreeRTOS-final/build/Drivers/lan9514/lib/usbrequest.o
LOAD /media/ijk98/EEFF-DBBA/empty_folder/other_doc/rasp_spi/RaspberryPi-FreeRTOS-final/build/Drivers/lan9514/lib/usbstandardhub.o
LOAD /media/ijk98/EEFF-DBBA/empty_folder/other_doc/rasp_spi/RaspberryPi-FreeRTOS-final/build/Drivers/lan9514/lib/devicenameservice.o
LOAD /media/ijk98/EEFF-DBBA/empty_folder/other_doc/rasp_spi/RaspberryPi-FreeRTOS-final/build/Drivers/lan9514/lib/macaddress.o
LOAD /media/ijk98/EEFF-DBBA/empty_folder/other_doc/rasp_spi/RaspberryPi-FreeRTOS-final/build/Drivers/lan9514/lib/smsc951x.o
LOAD /media/ijk98/EEFF-DBBA/empty_folder/other_doc/rasp_spi/RaspberryPi-FreeRTOS-final/build/Drivers/lan9514/lib/string.o
LOAD /media/ijk98/EEFF-DBBA/empty_folder/other_doc/rasp_spi/RaspberryPi-FreeRTOS-final/build/Drivers/lan9514/lib/util.o
LOAD /media/ijk98/EEFF-DBBA/empty_folder/other_doc/rasp_spi/RaspberryPi-FreeRTOS-final/build/Drivers/lan9514/lib/usbmassdevice.o
LOAD /media/ijk98/EEFF-DBBA/empty_folder/other_doc/rasp_spi/RaspberryPi-FreeRTOS-final/build/Drivers/lan9514/lib/dwhciframeschednper.o
LOAD /media/ijk98/EEFF-DBBA/empty_folder/other_doc/rasp_spi/RaspberryPi-FreeRTOS-final/build/Drivers/lan9514/lib/dwhciframeschedper.o
LOAD /media/ijk98/EEFF-DBBA/empty_folder/other_doc/rasp_spi/RaspberryPi-FreeRTOS-final/build/Drivers/lan9514/lib/keymap.o
LOAD /media/ijk98/EEFF-DBBA/empty_folder/other_doc/rasp_spi/RaspberryPi-FreeRTOS-final/build/Drivers/lan9514/lib/usbkeyboard.o
LOAD /media/ijk98/EEFF-DBBA/empty_folder/other_doc/rasp_spi/RaspberryPi-FreeRTOS-final/build/Drivers/lan9514/lib/dwhcirootport.o
LOAD /media/ijk98/EEFF-DBBA/empty_folder/other_doc/rasp_spi/RaspberryPi-FreeRTOS-final/build/Drivers/lan9514/lib/usbmouse.o
LOAD /media/ijk98/EEFF-DBBA/empty_folder/other_doc/rasp_spi/RaspberryPi-FreeRTOS-final/build/Drivers/lan9514/lib/dwhciframeschednsplit.o
LOAD /media/ijk98/EEFF-DBBA/empty_folder/other_doc/rasp_spi/RaspberryPi-FreeRTOS-final/build/Drivers/lan9514/lib/usbgamepad.o
LOAD /media/ijk98/EEFF-DBBA/empty_folder/other_doc/rasp_spi/RaspberryPi-FreeRTOS-final/build/Drivers/lan9514/lib/synchronize.o
LOAD /media/ijk98/EEFF-DBBA/empty_folder/other_doc/rasp_spi/RaspberryPi-FreeRTOS-final/build/Drivers/lan9514/lib/usbstring.o
LOAD /media/ijk98/EEFF-DBBA/empty_folder/other_doc/rasp_spi/RaspberryPi-FreeRTOS-final/build/Drivers/FreeRTOS-Plus-TCP/FreeRTOS_ARP.o
LOAD /media/ijk98/EEFF-DBBA/empty_folder/other_doc/rasp_spi/RaspberryPi-FreeRTOS-final/build/Drivers/FreeRTOS-Plus-TCP/FreeRTOS_DHCP.o
LOAD /media/ijk98/EEFF-DBBA/empty_folder/other_doc/rasp_spi/RaspberryPi-FreeRTOS-final/build/Drivers/FreeRTOS-Plus-TCP/FreeRTOS_DNS.o
LOAD /media/ijk98/EEFF-DBBA/empty_folder/other_doc/rasp_spi/RaspberryPi-FreeRTOS-final/build/Drivers/FreeRTOS-Plus-TCP/FreeRTOS_IP.o
LOAD /media/ijk98/EEFF-DBBA/empty_folder/other_doc/rasp_spi/RaspberryPi-FreeRTOS-final/build/Drivers/FreeRTOS-Plus-TCP/FreeRTOS_Sockets.o
LOAD /media/ijk98/EEFF-DBBA/empty_folder/other_doc/rasp_spi/RaspberryPi-FreeRTOS-final/build/Drivers/FreeRTOS-Plus-TCP/FreeRTOS_Stream_Buffer.o
LOAD /media/ijk98/EEFF-DBBA/empty_folder/other_doc/rasp_spi/RaspberryPi-FreeRTOS-final/build/Drivers/FreeRTOS-Plus-TCP/FreeRTOS_TCP_IP.o
LOAD /media/ijk98/EEFF-DBBA/empty_folder/other_doc/rasp_spi/RaspberryPi-FreeRTOS-final/build/Drivers/FreeRTOS-Plus-TCP/FreeRTOS_TCP_WIN.o
LOAD /media/ijk98/EEFF-DBBA/empty_folder/other_doc/rasp_spi/RaspberryPi-FreeRTOS-final/build/Drivers/FreeRTOS-Plus-TCP/FreeRTOS_UDP_IP.o
LOAD /media/ijk98/EEFF-DBBA/empty_folder/other_doc/rasp_spi/RaspberryPi-FreeRTOS-final/build/Drivers/FreeRTOS-Plus-TCP/portable/BufferManagement/BufferAllocation_2.o
LOAD /media/ijk98/EEFF-DBBA/empty_folder/other_doc/rasp_spi/RaspberryPi-FreeRTOS-final/build/Drivers/FreeRTOS-Plus-TCP/portable/NetworkInterface.o

.init           0x0000000000008000       0xe0
 *(.init)
 .init          0x0000000000008000       0xe0 /media/ijk98/EEFF-DBBA/empty_folder/other_doc/rasp_spi/RaspberryPi-FreeRTOS-final/build/Demo/startup.o
                0x0000000000008000                _start

.module_entries
                0x00000000000080e0        0x0
                0x00000000000080e0                __module_entries_start = .
 *(.module_entries)
 *(.module_entries.*)
                0x00000000000080e0                __module_entries_end = .
                0x00000000000080e0                __module_entries_size = SIZEOF (.module_entries)

.text           0x0000000000010000    0x29338
 *(.text)
 .text          0x0000000000010000      0x354 /media/ijk98/EEFF-DBBA/empty_folder/other_doc/rasp_spi/RaspberryPi-FreeRTOS-final/build/FreeRTOS/Source/portable/GCC/RaspberryPi/port.o
                0x0000000000010000                pxPortInitialiseStack
                0x0000000000010240                xPortStartScheduler
                0x000000000001025c                vPortEndScheduler
                0x0000000000010274                vTickISR
 .text          0x0000000000010354      0x338 /media/ijk98/EEFF-DBBA/empty_folder/other_doc/rasp_spi/RaspberryPi-FreeRTOS-final/build/FreeRTOS/Source/portable/GCC/RaspberryPi/portisr.o
                0x0000000000010354                vPortISRStartFirstTask
                0x00000000000103f0                vPortYieldProcessor
                0x00000000000104ac                vFreeRTOS_ISR
                0x0000000000010568                vPortEnterCritical
                0x00000000000105fc                vPortExitCritical
 .text          0x000000000001068c      0x7b4 /media/ijk98/EEFF-DBBA/empty_folder/other_doc/rasp_spi/RaspberryPi-FreeRTOS-final/build/FreeRTOS/Source/croutine.o
                0x000000000001068c                xCoRoutineCreate
                0x00000000000107f4                vCoRoutineAddToDelayedList
                0x0000000000010bd4                vCoRoutineSchedule
                0x0000000000010db4                xCoRoutineRemoveFromEventList
 .text          0x0000000000010e40      0x2a4 /media/ijk98/EEFF-DBBA/empty_folder/other_doc/rasp_spi/RaspberryPi-FreeRTOS-final/build/FreeRTOS/Source/list.o
                0x0000000000010e40                vListInitialise
                0x0000000000010ea8                vListInitialiseItem
                0x0000000000010ed4                vListInsertEnd
                0x0000000000010f6c                vListInsert
                0x0000000000011044                vListRemove
 .text          0x00000000000110e4      0xd54 /media/ijk98/EEFF-DBBA/empty_folder/other_doc/rasp_spi/RaspberryPi-FreeRTOS-final/build/FreeRTOS/Source/queue.o
                0x00000000000110e4                xQueueGenericReset
                0x00000000000111f8                xQueueGenericCreate
                0x00000000000112c0                xQueueCreateMutex
                0x000000000001139c                xQueueCreateCountingSemaphore
                0x00000000000113ec                xQueueGenericSend
                0x0000000000011590                xQueueGenericSendFromISR
                0x000000000001166c                xQueueGenericReceive
                0x00000000000118b8                xQueueReceiveFromISR
                0x0000000000011998                uxQueueMessagesWaiting
                0x00000000000119cc                uxQueueMessagesWaitingFromISR
                0x00000000000119fc                vQueueDelete
                0x0000000000011d64                xQueueIsQueueEmptyFromISR
                0x0000000000011df0                xQueueIsQueueFullFromISR
 .text          0x0000000000011e38     0x1e5c /media/ijk98/EEFF-DBBA/empty_folder/other_doc/rasp_spi/RaspberryPi-FreeRTOS-final/build/FreeRTOS/Source/tasks.o
                0x0000000000011e38                xTaskGenericCreate
                0x00000000000120a4                vTaskDelete
                0x00000000000121b0                vTaskDelayUntil
                0x00000000000122c8                vTaskDelay
                0x000000000001234c                uxTaskPriorityGet
                0x00000000000123a4                vTaskPrioritySet
                0x000000000001256c                vTaskSuspend
                0x000000000001267c                xTaskIsTaskSuspended
                0x00000000000126f8                vTaskResume
                0x00000000000127f0                xTaskResumeFromISR
                0x0000000000012908                vTaskStartScheduler
                0x00000000000129a4                vTaskEndScheduler
                0x00000000000129dc                vTaskSuspendAll
                0x0000000000012a10                xTaskResumeAll
                0x0000000000012bcc                xTaskGetTickCount
                0x0000000000012c00                xTaskGetTickCountFromISR
                0x0000000000012c38                uxTaskGetNumberOfTasks
                0x0000000000012c5c                vTaskIncrementTick
                0x0000000000012eb4                vTaskSetApplicationTaskTag
                0x0000000000012f10                xTaskGetApplicationTaskTag
                0x0000000000012f6c                xTaskCallApplicationTaskHook
                0x0000000000012fe8                vTaskSwitchContext
                0x00000000000130f0                vTaskPlaceOnEventList
                0x0000000000013194                vTaskPlaceOnUnorderedEventList
                0x0000000000013254                xTaskRemoveFromEventList
                0x0000000000013368                xTaskRemoveFromUnorderedEventList
                0x0000000000013464                vTaskSetTimeOutState
                0x00000000000134ac                xTaskCheckForTimeOut
                0x00000000000135a8                vTaskMissedYield
                0x0000000000013a00                xTaskGetCurrentTaskHandle
                0x0000000000013a30                vTaskPriorityInherit
                0x0000000000013b60                vTaskPriorityDisinherit
                0x0000000000013c3c                uxTaskResetEventItemValue
 .text          0x0000000000013c94      0x714 /media/ijk98/EEFF-DBBA/empty_folder/other_doc/rasp_spi/RaspberryPi-FreeRTOS-final/build/FreeRTOS/Source/event_groups.o
                0x0000000000013c94                xEventGroupCreate
                0x0000000000013ce4                xEventGroupSync
                0x0000000000013e70                xEventGroupWaitBits
                0x000000000001403c                xEventGroupClearBits
                0x0000000000014098                xEventGroupGetBitsFromISR
                0x00000000000140d8                xEventGroupSetBits
                0x0000000000014268                vEventGroupDelete
                0x00000000000142d0                vEventGroupSetBitsCallback
                0x00000000000142fc                vEventGroupClearBitsCallback
 .text          0x00000000000143a8      0x420 /media/ijk98/EEFF-DBBA/empty_folder/other_doc/rasp_spi/RaspberryPi-FreeRTOS-final/build/Drivers/interrupts.o
                0x00000000000143e0                irqHandler
                0x0000000000014500                InitInterruptController
                0x0000000000014578                RegisterInterrupt
                0x00000000000145f8                EnableInterrupt
                0x00000000000146c8                DisableInterrupt
                0x0000000000014798                EnableInterrupts
                0x00000000000147b0                DisableInterrupts
 .text          0x00000000000147c8      0x5fc /media/ijk98/EEFF-DBBA/empty_folder/other_doc/rasp_spi/RaspberryPi-FreeRTOS-final/build/Drivers/gpio.o
                0x00000000000147c8                SetGpioFunction
                0x000000000001489c                SetGpioDirection
                0x00000000000148d0                SetGpio
                0x000000000001495c                ReadGpio
                0x00000000000149ac                EnableGpioDetect
                0x0000000000014b88                DisableGpioDetect
                0x0000000000014d6c                ClearGpioInterrupt
 .text          0x0000000000014dc4      0x4e0 /media/ijk98/EEFF-DBBA/empty_folder/other_doc/rasp_spi/RaspberryPi-FreeRTOS-final/build/FreeRTOS/Source/portable/MemMang/heap_4.o
                0x0000000000014dc4                pvPortMalloc
                0x0000000000014f9c                vPortFree
                0x000000000001501c                xPortGetFreeHeapSize
                0x0000000000015040                vPortInitialiseBlocks
 .text          0x00000000000152a4       0x28 /media/ijk98/EEFF-DBBA/empty_folder/other_doc/rasp_spi/RaspberryPi-FreeRTOS-final/build/Demo/startup.o
                0x00000000000152bc                PUT32
                0x00000000000152c4                GET32
 .text          0x00000000000152cc      0xa00 /media/ijk98/EEFF-DBBA/empty_folder/other_doc/rasp_spi/RaspberryPi-FreeRTOS-final/build/Demo/main.o
                0x00000000000152cc                task1
                0x0000000000015304                task2
                0x0000000000015344                serverTask
                0x0000000000015468                serverListenTask
                0x0000000000015a40                spi_dac8811
                0x0000000000015b98                main
 .text          0x0000000000015ccc       0xec /media/ijk98/EEFF-DBBA/empty_folder/other_doc/rasp_spi/RaspberryPi-FreeRTOS-final/build/Drivers/mailbox.o
                0x0000000000015ccc                mailboxWrite
                0x0000000000015d38                mailboxRead
 .text          0x0000000000015db8      0x344 /media/ijk98/EEFF-DBBA/empty_folder/other_doc/rasp_spi/RaspberryPi-FreeRTOS-final/build/Demo/trace.o
                0x0000000000015db8                __cyg_profile_func_enter
                0x0000000000015f4c                __cyg_profile_func_exit
 .text          0x00000000000160fc      0x3e8 /media/ijk98/EEFF-DBBA/empty_folder/other_doc/rasp_spi/RaspberryPi-FreeRTOS-final/build/Drivers/mem.o
                0x00000000000160fc                memset
                0x0000000000016160                memmove
                0x0000000000016220                memcpy2
                0x0000000000016294                memcmp
                0x0000000000016334                strcpy
                0x0000000000016394                strncpy
                0x000000000001643c                strlen
                0x0000000000016490                rand
 .text          0x00000000000164e4      0xa30 /media/ijk98/EEFF-DBBA/empty_folder/other_doc/rasp_spi/RaspberryPi-FreeRTOS-final/build/Drivers/video.o
                0x00000000000164e4                enablelogging
                0x000000000001650c                initFB
                0x0000000000016740                drawPixel
                0x00000000000167a4                drawRect
                0x0000000000016834                drawChar
                0x0000000000016960                drawString
                0x00000000000169cc                println
                0x0000000000016c04                printHex
                0x0000000000016e20                videotest
 .text          0x0000000000016f14      0x478 /media/ijk98/EEFF-DBBA/empty_folder/other_doc/rasp_spi/RaspberryPi-FreeRTOS-final/build/Drivers/lan9514/uspibind.o
                0x0000000000016f14                MsDelay
                0x0000000000016f7c                usDelay
                0x0000000000016fdc                StartKernelTimer
                0x0000000000017018                CancelKernelTimer
                0x0000000000017044                ConnectInterrupt
                0x0000000000017088                SetPowerStateOn
                0x0000000000017150                GetMACAddress
                0x0000000000017274                LogWrite
                0x00000000000172ac                uspi_assertion_failed
                0x00000000000172f8                DebugHexdump
                0x000000000001732c                malloc
                0x0000000000017360                free
 .text          0x000000000001738c     0x1068 /media/ijk98/EEFF-DBBA/empty_folder/other_doc/rasp_spi/RaspberryPi-FreeRTOS-final/build/Drivers/lan9514/lib/uspilibrary.o
                0x000000000001738c                USPiInitialize
                0x00000000000176b8                USPiKeyboardAvailable
                0x0000000000017714                USPiKeyboardRegisterKeyPressedHandler
                0x00000000000177a8                USPiKeyboardRegisterShutdownHandler
                0x000000000001783c                USPiKeyboardRegisterKeyStatusHandlerRaw
                0x00000000000178d0                USPiMouseAvailable
                0x000000000001792c                USPiMouseRegisterStatusHandler
                0x00000000000179c0                USPiMassStorageDeviceAvailable
                0x0000000000017a54                USPiMassStorageDeviceRead
                0x0000000000017b40                USPiMassStorageDeviceWrite
                0x0000000000017c2c                USPiMassStorageDeviceGetCapacity
                0x0000000000017ccc                USPiEthernetAvailable
                0x0000000000017d28                USPiGetMACAddress
                0x0000000000017dec                USPiSendFrame
                0x0000000000017e9c                USPiReceiveFrame
                0x0000000000017f4c                USPiGamePadAvailable
                0x0000000000017fe8                USPiGamePadRegisterStatusHandler
                0x00000000000180a8                USPiGamePadGetStatus
                0x0000000000018178                USPiDeviceGetInformation
 .text          0x00000000000183f4     0x359c /media/ijk98/EEFF-DBBA/empty_folder/other_doc/rasp_spi/RaspberryPi-FreeRTOS-final/build/Drivers/lan9514/lib/dwhcidevice.o
                0x00000000000183f4                DWHCIDevice
                0x00000000000184a4                _DWHCIDevice
                0x00000000000184d0                DWHCIDeviceInitialize
                0x0000000000018774                DWHCIDeviceGetDescriptor
                0x000000000001882c                DWHCIDeviceSetAddress
                0x00000000000188d0                DWHCIDeviceSetConfiguration
                0x0000000000018974                DWHCIDeviceControlMessage
                0x0000000000018af8                DWHCIDeviceTransfer
                0x0000000000018ba8                DWHCIDeviceSubmitBlockingRequest
                0x0000000000018ea4                DWHCIDeviceSubmitAsyncRequest
                0x0000000000018fd4                DWHCIDeviceInitCore
                0x0000000000019308                DWHCIDeviceInitHost
                0x00000000000195e4                DWHCIDeviceEnableRootPort
                0x000000000001970c                DWHCIDeviceReset
                0x0000000000019810                DWHCIDeviceEnableGlobalInterrupts
                0x0000000000019898                DWHCIDeviceEnableCommonInterrupts
                0x0000000000019910                DWHCIDeviceEnableHostInterrupts
                0x00000000000199b0                DWHCIDeviceEnableChannelInterrupt
                0x0000000000019a54                DWHCIDeviceDisableChannelInterrupt
                0x0000000000019afc                DWHCIDeviceFlushTxFIFO
                0x0000000000019bd8                DWHCIDeviceFlushRxFIFO
                0x0000000000019c88                DWHCIDeviceTransferStage
                0x0000000000019d98                DWHCIDeviceCompletionRoutine
                0x0000000000019df4                DWHCIDeviceTransferStageAsync
                0x000000000001a010                DWHCIDeviceStartTransaction
                0x000000000001a19c                DWHCIDeviceStartChannel
                0x000000000001a724                DWHCIDeviceChannelInterruptHandler
                0x000000000001ae8c                DWHCIDeviceInterruptHandler
                0x000000000001b05c                DWHCIDeviceTimerHandler
                0x000000000001b1b8                DWHCIDeviceAllocateChannel
                0x000000000001b280                DWHCIDeviceFreeChannel
                0x000000000001b354                DWHCIDeviceWaitForBit
                0x000000000001b48c                DWHCIDeviceGetPortSpeed
                0x000000000001b550                DWHCIDeviceOvercurrentDetected
                0x000000000001b5e4                DWHCIDeviceDisableRootPort
                0x000000000001b66c                DWHCIDeviceDumpRegister
                0x000000000001b6f4                DWHCIDeviceDumpStatus
 .text          0x000000000001b990      0x71c /media/ijk98/EEFF-DBBA/empty_folder/other_doc/rasp_spi/RaspberryPi-FreeRTOS-final/build/Drivers/lan9514/lib/dwhciregister.o
                0x000000000001b990                DWHCIRegister
                0x000000000001b9ec                DWHCIRegister2
                0x000000000001ba58                _DWHCIRegister
                0x000000000001baa4                DWHCIRegisterRead
                0x000000000001bb0c                DWHCIRegisterWrite
                0x000000000001bb8c                DWHCIRegisterGet
                0x000000000001bbfc                DWHCIRegisterSet
                0x000000000001bc58                DWHCIRegisterIsSet
                0x000000000001bce4                DWHCIRegisterAnd
                0x000000000001bd68                DWHCIRegisterOr
                0x000000000001bdec                DWHCIRegisterClearBit
                0x000000000001bea0                DWHCIRegisterSetBit
                0x000000000001bf50                DWHCIRegisterClearAll
                0x000000000001bfa8                DWHCIRegisterSetAll
                0x000000000001c000                DWHCIRegisterDump
 .text          0x000000000001c0ac     0x14b4 /media/ijk98/EEFF-DBBA/empty_folder/other_doc/rasp_spi/RaspberryPi-FreeRTOS-final/build/Drivers/lan9514/lib/dwhcixferstagedata.o
                0x000000000001c0ac                DWHCITransferStageData
                0x000000000001c600                _DWHCITransferStageData
                0x000000000001c6e4                DWHCITransferStageDataTransactionComplete
                0x000000000001c8ec                DWHCITransferStageDataSetSplitComplete
                0x000000000001c964                DWHCITransferStageDataSetState
                0x000000000001c9b4                DWHCITransferStageDataGetState
                0x000000000001c9fc                DWHCITransferStageDataSetSubState
                0x000000000001ca4c                DWHCITransferStageDataGetSubState
                0x000000000001ca94                DWHCITransferStageDataBeginSplitCycle
                0x000000000001cab8                DWHCITransferStageDataGetChannelNumber
                0x000000000001cb00                DWHCITransferStageDataIsPeriodic
                0x000000000001cba4                DWHCITransferStageDataGetDeviceAddress
                0x000000000001cc20                DWHCITransferStageDataGetEndpointType
                0x000000000001cd04                DWHCITransferStageDataGetEndpointNumber
                0x000000000001cd80                DWHCITransferStageDataGetMaxPacketSize
                0x000000000001cdc8                DWHCITransferStageDataGetSpeed
                0x000000000001ce10                DWHCITransferStageDataGetPID
                0x000000000001cefc                DWHCITransferStageDataIsDirectionIn
                0x000000000001cf44                DWHCITransferStageDataIsStatusStage
                0x000000000001cf8c                DWHCITransferStageDataGetDMAAddress
                0x000000000001cffc                DWHCITransferStageDataGetBytesToTransfer
                0x000000000001d044                DWHCITransferStageDataGetPacketsToTransfer
                0x000000000001d08c                DWHCITransferStageDataIsSplit
                0x000000000001d0d4                DWHCITransferStageDataIsSplitComplete
                0x000000000001d144                DWHCITransferStageDataGetHubAddress
                0x000000000001d1e8                DWHCITransferStageDataGetHubPortAddress
                0x000000000001d28c                DWHCITransferStageDataGetSplitPosition
                0x000000000001d2f8                DWHCITransferStageDataGetStatusMask
                0x000000000001d374                DWHCITransferStageDataGetTransactionStatus
                0x000000000001d3e4                DWHCITransferStageDataIsStageComplete
                0x000000000001d43c                DWHCITransferStageDataGetResultLen
                0x000000000001d4a8                DWHCITransferStageDataGetURB
                0x000000000001d518                DWHCITransferStageDataGetFrameScheduler
 .text          0x000000000001d560      0x5e8 /media/ijk98/EEFF-DBBA/empty_folder/other_doc/rasp_spi/RaspberryPi-FreeRTOS-final/build/Drivers/lan9514/lib/usbconfigparser.o
                0x000000000001d560                USBConfigurationParser
                0x000000000001d89c                _USBConfigurationParser
                0x000000000001d8e8                USBConfigurationParserIsValid
                0x000000000001d930                USBConfigurationParserGetDescriptor
                0x000000000001da98                USBConfigurationParserError
 .text          0x000000000001db48     0x1524 /media/ijk98/EEFF-DBBA/empty_folder/other_doc/rasp_spi/RaspberryPi-FreeRTOS-final/build/Drivers/lan9514/lib/usbdevice.o
                0x000000000001db48                USBDevice
                0x000000000001dd10                USBDeviceCopy
                0x000000000001e024                _USBDevice
                0x000000000001e16c                USBDeviceInitialize
                0x000000000001e860                USBDeviceConfigure
                0x000000000001e968                USBDeviceGetName
                0x000000000001ec08                USBDeviceGetAddress
                0x000000000001ec50                USBDeviceGetSpeed
                0x000000000001ec98                USBDeviceGetHubAddress
                0x000000000001ece0                USBDeviceGetHubPortNumber
                0x000000000001ed28                USBDeviceGetEndpoint0
                0x000000000001ed98                USBDeviceGetHost
                0x000000000001ee08                USBDeviceGetDeviceDescriptor
                0x000000000001ee78                USBDeviceGetConfigurationDescriptor
                0x000000000001eee8                USBDeviceGetDescriptor
                0x000000000001ef74                USBDeviceConfigurationError
                0x000000000001eff4                USBDeviceSetAddress
 .text          0x000000000001f06c      0x414 /media/ijk98/EEFF-DBBA/empty_folder/other_doc/rasp_spi/RaspberryPi-FreeRTOS-final/build/Drivers/lan9514/lib/usbdevicefactory.o
                0x000000000001f06c                USBDeviceFactoryGetDevice
                0x000000000001f160                GetDevice
 .text          0x000000000001f480      0x948 /media/ijk98/EEFF-DBBA/empty_folder/other_doc/rasp_spi/RaspberryPi-FreeRTOS-final/build/Drivers/lan9514/lib/usbendpoint.o
                0x000000000001f480                USBEndpoint
                0x000000000001f540                USBEndpoint2
                0x000000000001f7c0                USBEndpointCopy
                0x000000000001f8c0                _USBEndpoint
                0x000000000001f90c                USBEndpointGetDevice
                0x000000000001f97c                USBEndpointGetNumber
                0x000000000001f9c4                USBEndpointGetType
                0x000000000001fa0c                USBEndpointIsDirectionIn
                0x000000000001fa54                USBEndpointSetMaxPacketSize
                0x000000000001faa4                USBEndpointGetMaxPacketSize
                0x000000000001faec                USBEndpointGetInterval
                0x000000000001fb5c                USBEndpointGetNextPID
                0x000000000001fbe4                USBEndpointSkipPID
                0x000000000001fd54                USBEndpointResetPID
 .text          0x000000000001fdc8      0x5dc /media/ijk98/EEFF-DBBA/empty_folder/other_doc/rasp_spi/RaspberryPi-FreeRTOS-final/build/Drivers/lan9514/lib/usbrequest.o
                0x000000000001fdc8                USBRequest
                0x000000000001fee0                _USBRequest
                0x000000000001ff50                USBRequestGetEndpoint
                0x000000000001ffc0                USBRequestSetStatus
                0x0000000000020010                USBRequestSetResultLen
                0x0000000000020060                USBRequestGetStatus
                0x00000000000200a8                USBRequestGetResultLength
                0x0000000000020118                USBRequestGetSetupData
                0x00000000000201bc                USBRequestGetBuffer
                0x000000000002023c                USBRequestGetBufLen
                0x0000000000020284                USBRequestSetCompletionRoutine
                0x000000000002031c                USBRequestCallCompletionRoutine
 .text          0x00000000000203a4     0x13f8 /media/ijk98/EEFF-DBBA/empty_folder/other_doc/rasp_spi/RaspberryPi-FreeRTOS-final/build/Drivers/lan9514/lib/usbstandardhub.o
                0x00000000000203a4                USBStandardHub
                0x000000000002046c                _USBStandardHub
                0x00000000000205bc                USBStandardHubInitialize
                0x000000000002060c                USBStandardHubConfigure
                0x0000000000020ad8                USBStandardHubEnumeratePorts
                0x0000000000021630                USBStandardHubGetDeviceNames
 .text          0x000000000002179c      0x448 /media/ijk98/EEFF-DBBA/empty_folder/other_doc/rasp_spi/RaspberryPi-FreeRTOS-final/build/Drivers/lan9514/lib/devicenameservice.o
                0x000000000002179c                DeviceNameService
                0x0000000000021824                _DeviceNameService
                0x0000000000021914                DeviceNameServiceAddDevice
                0x0000000000021a74                DeviceNameServiceGetDevice
                0x0000000000021b9c                DeviceNameServiceGet
 .text          0x0000000000021be4      0x568 /media/ijk98/EEFF-DBBA/empty_folder/other_doc/rasp_spi/RaspberryPi-FreeRTOS-final/build/Drivers/lan9514/lib/macaddress.o
                0x0000000000021be4                MACAddress
                0x0000000000021c30                MACAddress2
                0x0000000000021c80                _MACAddress
                0x0000000000021ccc                MACAddressIsEqual
                0x0000000000021d70                MACAddressSet
                0x0000000000021dfc                MACAddressSetBroadcast
                0x0000000000021e60                MACAddressGet
                0x0000000000021ed0                MACAddressCopyTo
                0x0000000000021f78                MACAddressIsBroadcast
                0x000000000002202c                MACAddressGetSize
                0x0000000000022050                MACAddressFormat
 .text          0x000000000002214c      0xed8 /media/ijk98/EEFF-DBBA/empty_folder/other_doc/rasp_spi/RaspberryPi-FreeRTOS-final/build/Drivers/lan9514/lib/smsc951x.o
                0x000000000002214c                SMSC951xDevice
                0x0000000000022214                _SMSC951xDevice
                0x0000000000022304                SMSC951xDeviceConfigure
                0x0000000000022858                SMSC951xDeviceGetMACAddress
                0x00000000000228a0                SMSC951xDeviceSendFrame
                0x00000000000229f0                SMSC951xDeviceReceiveFrame
                0x0000000000022c4c                SMSC951xDeviceWriteReg
                0x0000000000022cf8                SMSC951xDeviceReadReg
                0x0000000000022da8                SMSC951xDeviceDumpReg
                0x0000000000022e54                SMSC951xDeviceDumpRegs
 .text          0x0000000000023024      0xfa8 /media/ijk98/EEFF-DBBA/empty_folder/other_doc/rasp_spi/RaspberryPi-FreeRTOS-final/build/Drivers/lan9514/lib/string.o
                0x0000000000023024                String
                0x000000000002307c                String2
                0x000000000002310c                _String
                0x0000000000023178                StringGet
                0x00000000000231dc                StringSet
                0x0000000000023294                StringGetLength
                0x0000000000023300                StringAppend
                0x000000000002341c                StringCompare
                0x0000000000023478                StringFind
                0x0000000000023520                StringFormat
                0x0000000000023584                StringFormatV
                0x0000000000023c5c                StringPutChar
                0x0000000000023ce8                StringPutString
                0x0000000000023d70                StringReserveSpace
                0x0000000000023e8c                ntoa
 .text          0x0000000000023fcc      0x548 /media/ijk98/EEFF-DBBA/empty_folder/other_doc/rasp_spi/RaspberryPi-FreeRTOS-final/build/Drivers/lan9514/lib/util.o
                0x0000000000023fcc                uspi_memset
                0x0000000000024030                uspi_memcpy2
                0x00000000000240a4                uspi_memcmp
                0x0000000000024150                uspi_strlen
                0x00000000000241a4                uspi_strcmp
                0x0000000000024288                uspi_strcpy
                0x00000000000242f8                uspi_strncpy
                0x0000000000024398                uspi_strcat
                0x0000000000024428                uspi_char2int
                0x0000000000024474                uspi_le2be16
                0x00000000000244c0                uspi_le2be32
 .text          0x0000000000024514     0x1338 /media/ijk98/EEFF-DBBA/empty_folder/other_doc/rasp_spi/RaspberryPi-FreeRTOS-final/build/Drivers/lan9514/lib/usbmassdevice.o
                0x0000000000024514                USBBulkOnlyMassStorageDevice
                0x00000000000245b8                _USBBulkOnlyMassStorageDevice
                0x000000000002467c                USBBulkOnlyMassStorageDeviceConfigure
                0x0000000000024d64                USBBulkOnlyMassStorageDeviceRead
                0x0000000000024e24                USBBulkOnlyMassStorageDeviceWrite
                0x0000000000024ee4                USBBulkOnlyMassStorageDeviceSeek
                0x0000000000024f40                USBBulkOnlyMassStorageDeviceGetCapacity
                0x0000000000024f88                USBBulkOnlyMassStorageDeviceTryRead
                0x0000000000025158                USBBulkOnlyMassStorageDeviceTryWrite
                0x0000000000025324                USBBulkOnlyMassStorageDeviceCommand
                0x0000000000025670                USBBulkOnlyMassStorageDeviceReset
 .text          0x000000000002584c      0x430 /media/ijk98/EEFF-DBBA/empty_folder/other_doc/rasp_spi/RaspberryPi-FreeRTOS-final/build/Drivers/lan9514/lib/dwhciframeschednper.o
                0x000000000002584c                DWHCIFrameSchedulerNonPeriodic
                0x0000000000025900                _DWHCIFrameSchedulerNonPeriodic
                0x0000000000025954                DWHCIFrameSchedulerNonPeriodicStartSplit
                0x00000000000259a8                DWHCIFrameSchedulerNonPeriodicCompleteSplit
                0x0000000000025a80                DWHCIFrameSchedulerNonPeriodicTransactionComplete
                0x0000000000025c38                DWHCIFrameSchedulerNonPeriodicWaitForFrame
                0x0000000000025c58                DWHCIFrameSchedulerNonPeriodicIsOddFrame
 .text          0x0000000000025c7c      0x558 /media/ijk98/EEFF-DBBA/empty_folder/other_doc/rasp_spi/RaspberryPi-FreeRTOS-final/build/Drivers/lan9514/lib/dwhciframeschedper.o
                0x0000000000025c7c                DWHCIFrameSchedulerPeriodic
                0x0000000000025d3c                _DWHCIFrameSchedulerPeriodic
                0x0000000000025d90                DWHCIFrameSchedulerPeriodicStartSplit
                0x0000000000025df0                DWHCIFrameSchedulerPeriodicCompleteSplit
                0x0000000000025f08                DWHCIFrameSchedulerPeriodicTransactionComplete
                0x000000000002609c                DWHCIFrameSchedulerPeriodicWaitForFrame
                0x0000000000026180                DWHCIFrameSchedulerPeriodicIsOddFrame
 .text          0x00000000000261d4      0x690 /media/ijk98/EEFF-DBBA/empty_folder/other_doc/rasp_spi/RaspberryPi-FreeRTOS-final/build/Drivers/lan9514/lib/keymap.o
                0x00000000000261d4                KeyMap
                0x0000000000026250                _KeyMap
                0x0000000000026270                KeyMapClearTable
                0x0000000000026318                KeyMapSetEntry
                0x00000000000263dc                KeyMapTranslate
                0x0000000000026624                KeyMapGetString
                0x00000000000267c4                KeyMapGetLEDStatus
 .text          0x0000000000026864      0xd50 /media/ijk98/EEFF-DBBA/empty_folder/other_doc/rasp_spi/RaspberryPi-FreeRTOS-final/build/Drivers/lan9514/lib/usbkeyboard.o
                0x0000000000026864                USBKeyboardDevice
                0x0000000000026984                _CUSBKeyboardDevice
                0x0000000000026a48                USBKeyboardDeviceConfigure
                0x0000000000026e30                USBKeyboardDeviceRegisterKeyPressedHandler
                0x0000000000026ea4                USBKeyboardDeviceRegisterSelectConsoleHandler
                0x0000000000026f18                USBKeyboardDeviceRegisterShutdownHandler
                0x0000000000026f8c                USBKeyboardDeviceRegisterKeyStatusHandlerRaw
 .text          0x00000000000275b4      0x4a4 /media/ijk98/EEFF-DBBA/empty_folder/other_doc/rasp_spi/RaspberryPi-FreeRTOS-final/build/Drivers/lan9514/lib/dwhcirootport.o
                0x00000000000275b4                DWHCIRootPort
                0x0000000000027638                _DWHCIRootPort
                0x00000000000276c0                DWHCIRootPortInitialize
 .text          0x0000000000027a58      0x8e4 /media/ijk98/EEFF-DBBA/empty_folder/other_doc/rasp_spi/RaspberryPi-FreeRTOS-final/build/Drivers/lan9514/lib/usbmouse.o
                0x0000000000027a58                USBMouseDevice
                0x0000000000027b2c                _CUSBMouseDevice
                0x0000000000027be0                USBMouseDeviceConfigure
                0x0000000000027fc8                USBMouseDeviceRegisterStatusHandler
 .text          0x000000000002833c      0x29c /media/ijk98/EEFF-DBBA/empty_folder/other_doc/rasp_spi/RaspberryPi-FreeRTOS-final/build/Drivers/lan9514/lib/dwhciframeschednsplit.o
                0x000000000002833c                DWHCIFrameSchedulerNoSplit
                0x0000000000028400                _DWHCIFrameSchedulerNoSplit
                0x0000000000028420                DWHCIFrameSchedulerNoSplitStartSplit
                0x0000000000028454                DWHCIFrameSchedulerNoSplitCompleteSplit
                0x000000000002848c                DWHCIFrameSchedulerNoSplitTransactionComplete
                0x00000000000284c4                DWHCIFrameSchedulerNoSplitWaitForFrame
                0x0000000000028584                DWHCIFrameSchedulerNoSplitIsOddFrame
 .text          0x00000000000285d8     0x1770 /media/ijk98/EEFF-DBBA/empty_folder/other_doc/rasp_spi/RaspberryPi-FreeRTOS-final/build/Drivers/lan9514/lib/usbgamepad.o
                0x00000000000285d8                USBGamePadDevice
                0x00000000000287bc                _CUSBGamePadDevice
                0x000000000002922c                USBGamePadDeviceConfigure
                0x0000000000029830                USBGamePadDeviceRegisterStatusHandler
                0x0000000000029b5c                USBGamePadDeviceGetReport
 .text          0x0000000000029d48      0x12c /media/ijk98/EEFF-DBBA/empty_folder/other_doc/rasp_spi/RaspberryPi-FreeRTOS-final/build/Drivers/lan9514/lib/synchronize.o
                0x0000000000029d48                uspi_EnterCritical
                0x0000000000029dc0                uspi_LeaveCritical
                0x0000000000029e44                uspi_CleanAndInvalidateDataCacheRange
 .text          0x0000000000029e74      0xc28 /media/ijk98/EEFF-DBBA/empty_folder/other_doc/rasp_spi/RaspberryPi-FreeRTOS-final/build/Drivers/lan9514/lib/usbstring.o
                0x0000000000029e74                USBString
                0x0000000000029f48                USBStringCopy
                0x000000000002a0dc                _USBString
                0x000000000002a1a8                USBStringGetFromDescriptor
                0x000000000002a6f8                USBStringGet
                0x000000000002a74c                USBStringGetLanguageID
 .text          0x000000000002aa9c      0xd5c /media/ijk98/EEFF-DBBA/empty_folder/other_doc/rasp_spi/RaspberryPi-FreeRTOS-final/build/Drivers/FreeRTOS-Plus-TCP/FreeRTOS_ARP.o
                0x000000000002aa9c                eARPProcessPacket
                0x000000000002ae48                vARPRefreshCacheEntry
                0x000000000002b1c4                eARPGetCacheEntry
                0x000000000002b418                vARPAgeCache
                0x000000000002b60c                vARPSendGratuitous
                0x000000000002b634                FreeRTOS_OutputARPRequest
                0x000000000002b68c                vARPGenerateRequestPacket
                0x000000000002b7d4                FreeRTOS_ClearARP
 .text          0x000000000002b7f8        0x0 /media/ijk98/EEFF-DBBA/empty_folder/other_doc/rasp_spi/RaspberryPi-FreeRTOS-final/build/Drivers/FreeRTOS-Plus-TCP/FreeRTOS_DHCP.o
 .text          0x000000000002b7f8      0x89c /media/ijk98/EEFF-DBBA/empty_folder/other_doc/rasp_spi/RaspberryPi-FreeRTOS-final/build/Drivers/FreeRTOS-Plus-TCP/FreeRTOS_DNS.o
                0x000000000002b844                FreeRTOS_gethostbyname
                0x000000000002bca8                ulDNSHandlePacket
 .text          0x000000000002c094     0x1ef4 /media/ijk98/EEFF-DBBA/empty_folder/other_doc/rasp_spi/RaspberryPi-FreeRTOS-final/build/Drivers/FreeRTOS-Plus-TCP/FreeRTOS_IP.o
                0x000000000002c298                xIsCallingFromIPTask
                0x000000000002c690                FreeRTOS_NetworkDown
                0x000000000002c6f0                FreeRTOS_NetworkDownFromISR
                0x000000000002c764                FreeRTOS_GetUDPPayloadBuffer
                0x000000000002c7dc                pxDuplicateNetworkBufferWithDescriptor
                0x000000000002c870                pxPacketBuffer_to_NetworkBuffer
                0x000000000002c8e8                pxUDPPayloadBuffer_to_NetworkBuffer
                0x000000000002c960                FreeRTOS_ReleaseUDPPayloadBuffer
                0x000000000002c990                FreeRTOS_IPInit
                0x000000000002cc4c                FreeRTOS_GetAddressConfiguration
                0x000000000002ccf8                FreeRTOS_SetAddressConfiguration
                0x000000000002cda4                xSendEventToIPTask
                0x000000000002cdf0                xSendEventStructToIPTask
                0x000000000002cf68                eConsiderFrameForProcessing
                0x000000000002d0a0                vIPNetworkUpCalls
                0x000000000002d7b4                usGenerateProtocolChecksum
                0x000000000002da10                usGenerateChecksum
                0x000000000002dd54                vReturnEthernetFrame
                0x000000000002de00                FreeRTOS_GetIPAddress
                0x000000000002de24                FreeRTOS_SetIPAddress
                0x000000000002de54                FreeRTOS_GetGatewayAddress
                0x000000000002de78                FreeRTOS_GetDNSServerAddress
                0x000000000002de9c                FreeRTOS_GetNetmask
                0x000000000002dec0                FreeRTOS_GetMACAddress
                0x000000000002dee0                FreeRTOS_SetNetmask
                0x000000000002df10                FreeRTOS_SetGatewayAddress
                0x000000000002df40                xIPIsNetworkTaskReady
                0x000000000002df64                FreeRTOS_IsNetworkUp
 .text          0x000000000002df88     0x3558 /media/ijk98/EEFF-DBBA/empty_folder/other_doc/rasp_spi/RaspberryPi-FreeRTOS-final/build/Drivers/FreeRTOS-Plus-TCP/FreeRTOS_Sockets.o
                0x000000000002e398                vNetworkSocketsInit
                0x000000000002e520                FreeRTOS_socket
                0x000000000002e70c                FreeRTOS_recvfrom
                0x000000000002e93c                FreeRTOS_sendto
                0x000000000002eb2c                FreeRTOS_bind
                0x000000000002ec8c                vSocketBind
                0x000000000002ee48                FreeRTOS_closesocket
                0x000000000002eedc                vSocketClose
                0x000000000002f100                FreeRTOS_setsockopt
                0x000000000002f7f8                pxUDPSocketLookup
                0x000000000002f850                FreeRTOS_inet_addr
                0x000000000002fa14                FreeRTOS_GetLocalAddress
                0x000000000002fa90                vWakeUpSocketUser
                0x000000000002fd14                FreeRTOS_connect
                0x000000000002fe30                FreeRTOS_accept
                0x00000000000300f4                FreeRTOS_recv
                0x00000000000304bc                FreeRTOS_get_tx_head
                0x0000000000030570                FreeRTOS_send
                0x0000000000030820                FreeRTOS_listen
                0x0000000000030980                FreeRTOS_shutdown
                0x0000000000030a1c                xTCPTimerCheck
                0x0000000000030bc4                pxTCPSocketLookup
                0x0000000000030cc8                FreeRTOS_get_rx_buf
                0x0000000000030e78                lTCPAddRxdata
                0x0000000000030f90                FreeRTOS_outstanding
                0x0000000000031008                FreeRTOS_recvcount
                0x0000000000031080                FreeRTOS_GetRemoteAddress
                0x0000000000031158                FreeRTOS_maywrite
                0x000000000003121c                FreeRTOS_tx_space
                0x0000000000031298                FreeRTOS_tx_size
                0x0000000000031310                FreeRTOS_issocketconnected
                0x0000000000031388                FreeRTOS_mss
                0x00000000000313dc                FreeRTOS_connstatus
                0x0000000000031430                FreeRTOS_rx_size
                0x00000000000314a8                FreeRTOS_netstat
 .text          0x00000000000314e0      0x5dc /media/ijk98/EEFF-DBBA/empty_folder/other_doc/rasp_spi/RaspberryPi-FreeRTOS-final/build/Drivers/FreeRTOS-Plus-TCP/FreeRTOS_Stream_Buffer.o
                0x0000000000031738                uxStreamBufferAdd
                0x000000000003190c                uxStreamBufferGet
 .text          0x0000000000031abc     0x4704 /media/ijk98/EEFF-DBBA/empty_folder/other_doc/rasp_spi/RaspberryPi-FreeRTOS-final/build/Drivers/FreeRTOS-Plus-TCP/FreeRTOS_TCP_IP.o
                0x0000000000031ecc                xTCPSocketCheck
                0x0000000000033408                vTCPStateChange
                0x0000000000035654                xProcessReceivedTCPPacket
                0x00000000000360bc                xTCPCheckNewClient
 .text          0x00000000000361c0     0x1ddc /media/ijk98/EEFF-DBBA/empty_folder/other_doc/rasp_spi/RaspberryPi-FreeRTOS-final/build/Drivers/FreeRTOS-Plus-TCP/FreeRTOS_TCP_WIN.o
                0x00000000000363bc                vListInsertGeneric
                0x000000000003673c                xTCPWindowRxEmpty
                0x0000000000036920                vTCPWindowDestroy
                0x00000000000369c4                vTCPWindowCreate
                0x0000000000036aa0                vTCPWindowInit
                0x0000000000036d48                lTCPWindowRxCheck
                0x000000000003714c                lTCPWindowTxAdd
                0x0000000000037454                xTCPWindowTxDone
                0x0000000000037598                xTCPWindowTxHasData
                0x00000000000376fc                ulTCPWindowTxGet
                0x0000000000037e8c                ulTCPWindowTxAck
                0x0000000000037ef4                ulTCPWindowTxSack
 .text          0x0000000000037f9c      0x618 /media/ijk98/EEFF-DBBA/empty_folder/other_doc/rasp_spi/RaspberryPi-FreeRTOS-final/build/Drivers/FreeRTOS-Plus-TCP/FreeRTOS_UDP_IP.o
                0x0000000000037f9c                vProcessGeneratedUDPPacket
                0x000000000003840c                xProcessReceivedUDPPacket
 .text          0x00000000000385b4      0x458 /media/ijk98/EEFF-DBBA/empty_folder/other_doc/rasp_spi/RaspberryPi-FreeRTOS-final/build/Drivers/FreeRTOS-Plus-TCP/portable/BufferManagement/BufferAllocation_2.o
                0x00000000000385b4                xNetworkBuffersInitialise
                0x0000000000038720                pucGetNetworkBuffer
                0x000000000003878c                vReleaseNetworkBuffer
                0x00000000000387c8                pxGetNetworkBufferWithDescriptor
                0x0000000000038918                vReleaseNetworkBufferAndDescriptor
                0x00000000000389c4                uxGetNumberOfFreeNetworkBuffers
                0x00000000000389e8                uxGetMinimumFreeNetworkBuffers
 .text          0x0000000000038a0c      0x394 /media/ijk98/EEFF-DBBA/empty_folder/other_doc/rasp_spi/RaspberryPi-FreeRTOS-final/build/Drivers/FreeRTOS-Plus-TCP/portable/NetworkInterface.o
                0x0000000000038a0c                ethernetPollTask
                0x0000000000038ca8                xNetworkInterfaceInitialise
                0x0000000000038d50                xNetworkInterfaceOutput
 .text          0x0000000000038da0      0x114 /usr/lib/gcc/arm-none-eabi/8.3.1/libgcc.a(_udivsi3.o)
                0x0000000000038da0                __udivsi3
                0x0000000000038da0                __aeabi_uidiv
                0x0000000000038e94                __aeabi_uidivmod
 .text          0x0000000000038eb4        0x4 /usr/lib/gcc/arm-none-eabi/8.3.1/libgcc.a(_dvmd_tls.o)
                0x0000000000038eb4                __aeabi_ldiv0
                0x0000000000038eb4                __aeabi_idiv0
 .text          0x0000000000038eb8      0x424 /usr/lib/gcc/arm-none-eabi/8.3.1/libgcc.a(_arm_addsubdf3.o)
                0x0000000000038eb8                __aeabi_drsub
                0x0000000000038ec0                __aeabi_dsub
                0x0000000000038ec0                __subdf3
                0x0000000000038ec4                __adddf3
                0x0000000000038ec4                __aeabi_dadd
                0x00000000000391d4                __aeabi_ui2d
                0x00000000000391d4                __floatunsidf
                0x00000000000391f8                __floatsidf
                0x00000000000391f8                __aeabi_i2d
                0x0000000000039220                __extendsfdf2
                0x0000000000039220                __aeabi_f2d
                0x0000000000039268                __aeabi_ul2d
                0x0000000000039268                __floatundidf
                0x000000000003927c                __floatdidf
                0x000000000003927c                __aeabi_l2d
 .text          0x00000000000392dc       0x5c /usr/lib/gcc/arm-none-eabi/8.3.1/libgcc.a(_arm_fixdfsi.o)
                0x00000000000392dc                __fixdfsi
                0x00000000000392dc                __aeabi_d2iz

.rodata         0x0000000000039338     0x2ed5
 .rodata        0x0000000000039338        0x4 /media/ijk98/EEFF-DBBA/empty_folder/other_doc/rasp_spi/RaspberryPi-FreeRTOS-final/build/FreeRTOS/Source/portable/GCC/RaspberryPi/port.o
 .rodata        0x000000000003933c        0x5 /media/ijk98/EEFF-DBBA/empty_folder/other_doc/rasp_spi/RaspberryPi-FreeRTOS-final/build/FreeRTOS/Source/tasks.o
 *fill*         0x0000000000039341        0x3 
 .rodata        0x0000000000039344        0x4 /media/ijk98/EEFF-DBBA/empty_folder/other_doc/rasp_spi/RaspberryPi-FreeRTOS-final/build/Drivers/interrupts.o
 .rodata        0x0000000000039348        0x4 /media/ijk98/EEFF-DBBA/empty_folder/other_doc/rasp_spi/RaspberryPi-FreeRTOS-final/build/Drivers/gpio.o
                0x0000000000039348                pRegs
 .rodata        0x000000000003934c        0x8 /media/ijk98/EEFF-DBBA/empty_folder/other_doc/rasp_spi/RaspberryPi-FreeRTOS-final/build/FreeRTOS/Source/portable/MemMang/heap_4.o
 .rodata        0x0000000000039354      0x190 /media/ijk98/EEFF-DBBA/empty_folder/other_doc/rasp_spi/RaspberryPi-FreeRTOS-final/build/Demo/main.o
 .rodata        0x00000000000394e4      0x25a /media/ijk98/EEFF-DBBA/empty_folder/other_doc/rasp_spi/RaspberryPi-FreeRTOS-final/build/Drivers/video.o
                0x00000000000394e4                font
 *fill*         0x000000000003973e        0x2 
 .rodata        0x0000000000039740       0x3d /media/ijk98/EEFF-DBBA/empty_folder/other_doc/rasp_spi/RaspberryPi-FreeRTOS-final/build/Drivers/lan9514/uspibind.o
 *fill*         0x000000000003977d        0x3 
 .rodata        0x0000000000039780      0x18b /media/ijk98/EEFF-DBBA/empty_folder/other_doc/rasp_spi/RaspberryPi-FreeRTOS-final/build/Drivers/lan9514/lib/uspilibrary.o
 *fill*         0x000000000003990b        0x1 
 .rodata        0x000000000003990c        0x6 /media/ijk98/EEFF-DBBA/empty_folder/other_doc/rasp_spi/RaspberryPi-FreeRTOS-final/build/Drivers/lan9514/lib/dwhcidevice.o
 *fill*         0x0000000000039912        0x2 
 .rodata        0x0000000000039914       0xf9 /media/ijk98/EEFF-DBBA/empty_folder/other_doc/rasp_spi/RaspberryPi-FreeRTOS-final/build/Drivers/lan9514/lib/dwhciregister.o
 *fill*         0x0000000000039a0d        0x3 
 .rodata        0x0000000000039a10      0x235 /media/ijk98/EEFF-DBBA/empty_folder/other_doc/rasp_spi/RaspberryPi-FreeRTOS-final/build/Drivers/lan9514/lib/dwhcixferstagedata.o
 *fill*         0x0000000000039c45        0x3 
 .rodata        0x0000000000039c48      0x10f /media/ijk98/EEFF-DBBA/empty_folder/other_doc/rasp_spi/RaspberryPi-FreeRTOS-final/build/Drivers/lan9514/lib/usbconfigparser.o
 *fill*         0x0000000000039d57        0x1 
 .rodata        0x0000000000039d58      0x35d /media/ijk98/EEFF-DBBA/empty_folder/other_doc/rasp_spi/RaspberryPi-FreeRTOS-final/build/Drivers/lan9514/lib/usbdevice.o
 *fill*         0x000000000003a0b5        0x3 
 .rodata        0x000000000003a0b8      0x117 /media/ijk98/EEFF-DBBA/empty_folder/other_doc/rasp_spi/RaspberryPi-FreeRTOS-final/build/Drivers/lan9514/lib/usbdevicefactory.o
 *fill*         0x000000000003a1cf        0x1 
 .rodata        0x000000000003a1d0      0x1ee /media/ijk98/EEFF-DBBA/empty_folder/other_doc/rasp_spi/RaspberryPi-FreeRTOS-final/build/Drivers/lan9514/lib/usbendpoint.o
 *fill*         0x000000000003a3be        0x2 
 .rodata        0x000000000003a3c0      0x159 /media/ijk98/EEFF-DBBA/empty_folder/other_doc/rasp_spi/RaspberryPi-FreeRTOS-final/build/Drivers/lan9514/lib/usbrequest.o
 *fill*         0x000000000003a519        0x3 
 .rodata        0x000000000003a51c      0x3e3 /media/ijk98/EEFF-DBBA/empty_folder/other_doc/rasp_spi/RaspberryPi-FreeRTOS-final/build/Drivers/lan9514/lib/usbstandardhub.o
 *fill*         0x000000000003a8ff        0x1 
 .rodata        0x000000000003a900      0x111 /media/ijk98/EEFF-DBBA/empty_folder/other_doc/rasp_spi/RaspberryPi-FreeRTOS-final/build/Drivers/lan9514/lib/devicenameservice.o
 *fill*         0x000000000003aa11        0x3 
 .rodata        0x000000000003aa14       0xde /media/ijk98/EEFF-DBBA/empty_folder/other_doc/rasp_spi/RaspberryPi-FreeRTOS-final/build/Drivers/lan9514/lib/macaddress.o
 *fill*         0x000000000003aaf2        0x2 
 .rodata        0x000000000003aaf4      0x2e6 /media/ijk98/EEFF-DBBA/empty_folder/other_doc/rasp_spi/RaspberryPi-FreeRTOS-final/build/Drivers/lan9514/lib/smsc951x.o
 *fill*         0x000000000003adda        0x2 
 .rodata        0x000000000003addc       0x7d /media/ijk98/EEFF-DBBA/empty_folder/other_doc/rasp_spi/RaspberryPi-FreeRTOS-final/build/Drivers/lan9514/lib/string.o
 *fill*         0x000000000003ae59        0x3 
 .rodata        0x000000000003ae5c      0x31c /media/ijk98/EEFF-DBBA/empty_folder/other_doc/rasp_spi/RaspberryPi-FreeRTOS-final/build/Drivers/lan9514/lib/usbmassdevice.o
 .rodata        0x000000000003b178       0xcc /media/ijk98/EEFF-DBBA/empty_folder/other_doc/rasp_spi/RaspberryPi-FreeRTOS-final/build/Drivers/lan9514/lib/dwhciframeschednper.o
 .rodata        0x000000000003b244       0xcc /media/ijk98/EEFF-DBBA/empty_folder/other_doc/rasp_spi/RaspberryPi-FreeRTOS-final/build/Drivers/lan9514/lib/dwhciframeschedper.o
 .rodata        0x000000000003b310      0x2db /media/ijk98/EEFF-DBBA/empty_folder/other_doc/rasp_spi/RaspberryPi-FreeRTOS-final/build/Drivers/lan9514/lib/keymap.o
 *fill*         0x000000000003b5eb        0x1 
 .rodata        0x000000000003b5ec      0x1fe /media/ijk98/EEFF-DBBA/empty_folder/other_doc/rasp_spi/RaspberryPi-FreeRTOS-final/build/Drivers/lan9514/lib/usbkeyboard.o
 *fill*         0x000000000003b7ea        0x2 
 .rodata        0x000000000003b7ec      0x163 /media/ijk98/EEFF-DBBA/empty_folder/other_doc/rasp_spi/RaspberryPi-FreeRTOS-final/build/Drivers/lan9514/lib/dwhcirootport.o
 *fill*         0x000000000003b94f        0x1 
 .rodata        0x000000000003b950      0x19e /media/ijk98/EEFF-DBBA/empty_folder/other_doc/rasp_spi/RaspberryPi-FreeRTOS-final/build/Drivers/lan9514/lib/usbmouse.o
 *fill*         0x000000000003baee        0x2 
 .rodata        0x000000000003baf0       0x8e /media/ijk98/EEFF-DBBA/empty_folder/other_doc/rasp_spi/RaspberryPi-FreeRTOS-final/build/Drivers/lan9514/lib/dwhciframeschednsplit.o
 *fill*         0x000000000003bb7e        0x2 
 .rodata        0x000000000003bb80      0x1be /media/ijk98/EEFF-DBBA/empty_folder/other_doc/rasp_spi/RaspberryPi-FreeRTOS-final/build/Drivers/lan9514/lib/usbgamepad.o
 *fill*         0x000000000003bd3e        0x2 
 .rodata        0x000000000003bd40      0x1b5 /media/ijk98/EEFF-DBBA/empty_folder/other_doc/rasp_spi/RaspberryPi-FreeRTOS-final/build/Drivers/lan9514/lib/usbstring.o
 *fill*         0x000000000003bef5        0x3 
 .rodata        0x000000000003bef8       0x26 /media/ijk98/EEFF-DBBA/empty_folder/other_doc/rasp_spi/RaspberryPi-FreeRTOS-final/build/Drivers/FreeRTOS-Plus-TCP/FreeRTOS_ARP.o
 *fill*         0x000000000003bf1e        0x2 
 .rodata        0x000000000003bf20        0xc /media/ijk98/EEFF-DBBA/empty_folder/other_doc/rasp_spi/RaspberryPi-FreeRTOS-final/build/Drivers/FreeRTOS-Plus-TCP/FreeRTOS_DNS.o
 .rodata        0x000000000003bf2c       0xbc /media/ijk98/EEFF-DBBA/empty_folder/other_doc/rasp_spi/RaspberryPi-FreeRTOS-final/build/Drivers/FreeRTOS-Plus-TCP/FreeRTOS_IP.o
                0x000000000003bf2c                xBroadcastMACAddress
 .rodata        0x000000000003bfe8       0xe7 /media/ijk98/EEFF-DBBA/empty_folder/other_doc/rasp_spi/RaspberryPi-FreeRTOS-final/build/Drivers/FreeRTOS-Plus-TCP/FreeRTOS_Sockets.o
 *fill*         0x000000000003c0cf        0x1 
 .rodata        0x000000000003c0d0       0xd8 /media/ijk98/EEFF-DBBA/empty_folder/other_doc/rasp_spi/RaspberryPi-FreeRTOS-final/build/Drivers/FreeRTOS-Plus-TCP/FreeRTOS_TCP_IP.o
 .rodata        0x000000000003c1a8        0x4 /media/ijk98/EEFF-DBBA/empty_folder/other_doc/rasp_spi/RaspberryPi-FreeRTOS-final/build/Drivers/FreeRTOS-Plus-TCP/portable/BufferManagement/BufferAllocation_2.o
                0x000000000003c1a8                xBufferAllocFixedSize
 .rodata        0x000000000003c1ac       0x61 /media/ijk98/EEFF-DBBA/empty_folder/other_doc/rasp_spi/RaspberryPi-FreeRTOS-final/build/Drivers/FreeRTOS-Plus-TCP/portable/NetworkInterface.o

.rodata.str1.4  0x000000000003c210      0x6b1
 .rodata.str1.4
                0x000000000003c210      0x626 /media/ijk98/EEFF-DBBA/empty_folder/other_doc/rasp_spi/RaspberryPi-FreeRTOS-final/build/Drivers/lan9514/lib/dwhcidevice.o
                                        0x62a (size before relaxing)
 *fill*         0x000000000003c836        0x2 
 .rodata.str1.4
                0x000000000003c838       0x89 /media/ijk98/EEFF-DBBA/empty_folder/other_doc/rasp_spi/RaspberryPi-FreeRTOS-final/build/Drivers/lan9514/lib/synchronize.o

.glue_7         0x000000000003c8c4        0x0
 .glue_7        0x000000000003c8c4        0x0 linker stubs

.glue_7t        0x000000000003c8c4        0x0
 .glue_7t       0x000000000003c8c4        0x0 linker stubs

.vfp11_veneer   0x000000000003c8c4        0x0
 .vfp11_veneer  0x000000000003c8c4        0x0 linker stubs

.v4_bx          0x000000000003c8c4        0x0
 .v4_bx         0x000000000003c8c4        0x0 linker stubs

.iplt           0x000000000003c8c4        0x0
 .iplt          0x000000000003c8c4        0x0 /media/ijk98/EEFF-DBBA/empty_folder/other_doc/rasp_spi/RaspberryPi-FreeRTOS-final/build/FreeRTOS/Source/portable/GCC/RaspberryPi/port.o

.rel.dyn        0x000000000003c8c4        0x0
 .rel.iplt      0x000000000003c8c4        0x0 /media/ijk98/EEFF-DBBA/empty_folder/other_doc/rasp_spi/RaspberryPi-FreeRTOS-final/build/FreeRTOS/Source/portable/GCC/RaspberryPi/port.o

.data           0x000000000003c8c4      0x14c
 *(.data)
 .data          0x000000000003c8c4        0x0 /media/ijk98/EEFF-DBBA/empty_folder/other_doc/rasp_spi/RaspberryPi-FreeRTOS-final/build/FreeRTOS/Source/portable/GCC/RaspberryPi/port.o
 .data          0x000000000003c8c4        0x4 /media/ijk98/EEFF-DBBA/empty_folder/other_doc/rasp_spi/RaspberryPi-FreeRTOS-final/build/FreeRTOS/Source/portable/GCC/RaspberryPi/portisr.o
                0x000000000003c8c4                ulCriticalNesting
 .data          0x000000000003c8c8        0x0 /media/ijk98/EEFF-DBBA/empty_folder/other_doc/rasp_spi/RaspberryPi-FreeRTOS-final/build/FreeRTOS/Source/croutine.o
 .data          0x000000000003c8c8        0x0 /media/ijk98/EEFF-DBBA/empty_folder/other_doc/rasp_spi/RaspberryPi-FreeRTOS-final/build/FreeRTOS/Source/list.o
 .data          0x000000000003c8c8        0x0 /media/ijk98/EEFF-DBBA/empty_folder/other_doc/rasp_spi/RaspberryPi-FreeRTOS-final/build/FreeRTOS/Source/queue.o
 .data          0x000000000003c8c8        0x4 /media/ijk98/EEFF-DBBA/empty_folder/other_doc/rasp_spi/RaspberryPi-FreeRTOS-final/build/FreeRTOS/Source/tasks.o
 .data          0x000000000003c8cc        0x0 /media/ijk98/EEFF-DBBA/empty_folder/other_doc/rasp_spi/RaspberryPi-FreeRTOS-final/build/FreeRTOS/Source/event_groups.o
 .data          0x000000000003c8cc        0x0 /media/ijk98/EEFF-DBBA/empty_folder/other_doc/rasp_spi/RaspberryPi-FreeRTOS-final/build/Drivers/interrupts.o
 .data          0x000000000003c8cc        0x0 /media/ijk98/EEFF-DBBA/empty_folder/other_doc/rasp_spi/RaspberryPi-FreeRTOS-final/build/Drivers/gpio.o
 .data          0x000000000003c8cc        0x4 /media/ijk98/EEFF-DBBA/empty_folder/other_doc/rasp_spi/RaspberryPi-FreeRTOS-final/build/FreeRTOS/Source/portable/MemMang/heap_4.o
 .data          0x000000000003c8d0        0x0 /media/ijk98/EEFF-DBBA/empty_folder/other_doc/rasp_spi/RaspberryPi-FreeRTOS-final/build/Demo/startup.o
 .data          0x000000000003c8d0        0x0 /media/ijk98/EEFF-DBBA/empty_folder/other_doc/rasp_spi/RaspberryPi-FreeRTOS-final/build/Demo/main.o
 .data          0x000000000003c8d0        0x0 /media/ijk98/EEFF-DBBA/empty_folder/other_doc/rasp_spi/RaspberryPi-FreeRTOS-final/build/Drivers/mailbox.o
 .data          0x000000000003c8d0        0x0 /media/ijk98/EEFF-DBBA/empty_folder/other_doc/rasp_spi/RaspberryPi-FreeRTOS-final/build/Demo/trace.o
 .data          0x000000000003c8d0        0x4 /media/ijk98/EEFF-DBBA/empty_folder/other_doc/rasp_spi/RaspberryPi-FreeRTOS-final/build/Drivers/mem.o
                0x000000000003c8d0                next
 .data          0x000000000003c8d4        0x0 /media/ijk98/EEFF-DBBA/empty_folder/other_doc/rasp_spi/RaspberryPi-FreeRTOS-final/build/Drivers/video.o
 .data          0x000000000003c8d4        0x0 /media/ijk98/EEFF-DBBA/empty_folder/other_doc/rasp_spi/RaspberryPi-FreeRTOS-final/build/Drivers/lan9514/uspibind.o
 .data          0x000000000003c8d4        0x0 /media/ijk98/EEFF-DBBA/empty_folder/other_doc/rasp_spi/RaspberryPi-FreeRTOS-final/build/Drivers/lan9514/lib/uspilibrary.o
 .data          0x000000000003c8d4        0x0 /media/ijk98/EEFF-DBBA/empty_folder/other_doc/rasp_spi/RaspberryPi-FreeRTOS-final/build/Drivers/lan9514/lib/dwhcidevice.o
 .data          0x000000000003c8d4        0x0 /media/ijk98/EEFF-DBBA/empty_folder/other_doc/rasp_spi/RaspberryPi-FreeRTOS-final/build/Drivers/lan9514/lib/dwhciregister.o
 .data          0x000000000003c8d4        0x0 /media/ijk98/EEFF-DBBA/empty_folder/other_doc/rasp_spi/RaspberryPi-FreeRTOS-final/build/Drivers/lan9514/lib/dwhcixferstagedata.o
 .data          0x000000000003c8d4        0x0 /media/ijk98/EEFF-DBBA/empty_folder/other_doc/rasp_spi/RaspberryPi-FreeRTOS-final/build/Drivers/lan9514/lib/usbconfigparser.o
 .data          0x000000000003c8d4        0x1 /media/ijk98/EEFF-DBBA/empty_folder/other_doc/rasp_spi/RaspberryPi-FreeRTOS-final/build/Drivers/lan9514/lib/usbdevice.o
 .data          0x000000000003c8d5        0x0 /media/ijk98/EEFF-DBBA/empty_folder/other_doc/rasp_spi/RaspberryPi-FreeRTOS-final/build/Drivers/lan9514/lib/usbdevicefactory.o
 .data          0x000000000003c8d5        0x0 /media/ijk98/EEFF-DBBA/empty_folder/other_doc/rasp_spi/RaspberryPi-FreeRTOS-final/build/Drivers/lan9514/lib/usbendpoint.o
 .data          0x000000000003c8d5        0x0 /media/ijk98/EEFF-DBBA/empty_folder/other_doc/rasp_spi/RaspberryPi-FreeRTOS-final/build/Drivers/lan9514/lib/usbrequest.o
 .data          0x000000000003c8d5        0x0 /media/ijk98/EEFF-DBBA/empty_folder/other_doc/rasp_spi/RaspberryPi-FreeRTOS-final/build/Drivers/lan9514/lib/usbstandardhub.o
 .data          0x000000000003c8d5        0x0 /media/ijk98/EEFF-DBBA/empty_folder/other_doc/rasp_spi/RaspberryPi-FreeRTOS-final/build/Drivers/lan9514/lib/devicenameservice.o
 .data          0x000000000003c8d5        0x0 /media/ijk98/EEFF-DBBA/empty_folder/other_doc/rasp_spi/RaspberryPi-FreeRTOS-final/build/Drivers/lan9514/lib/macaddress.o
 .data          0x000000000003c8d5        0x0 /media/ijk98/EEFF-DBBA/empty_folder/other_doc/rasp_spi/RaspberryPi-FreeRTOS-final/build/Drivers/lan9514/lib/smsc951x.o
 .data          0x000000000003c8d5        0x0 /media/ijk98/EEFF-DBBA/empty_folder/other_doc/rasp_spi/RaspberryPi-FreeRTOS-final/build/Drivers/lan9514/lib/string.o
 .data          0x000000000003c8d5        0x0 /media/ijk98/EEFF-DBBA/empty_folder/other_doc/rasp_spi/RaspberryPi-FreeRTOS-final/build/Drivers/lan9514/lib/util.o
 *fill*         0x000000000003c8d5        0x3 
 .data          0x000000000003c8d8        0x4 /media/ijk98/EEFF-DBBA/empty_folder/other_doc/rasp_spi/RaspberryPi-FreeRTOS-final/build/Drivers/lan9514/lib/usbmassdevice.o
 .data          0x000000000003c8dc        0x0 /media/ijk98/EEFF-DBBA/empty_folder/other_doc/rasp_spi/RaspberryPi-FreeRTOS-final/build/Drivers/lan9514/lib/dwhciframeschednper.o
 .data          0x000000000003c8dc        0x0 /media/ijk98/EEFF-DBBA/empty_folder/other_doc/rasp_spi/RaspberryPi-FreeRTOS-final/build/Drivers/lan9514/lib/dwhciframeschedper.o
 .data          0x000000000003c8dc       0xcc /media/ijk98/EEFF-DBBA/empty_folder/other_doc/rasp_spi/RaspberryPi-FreeRTOS-final/build/Drivers/lan9514/lib/keymap.o
 .data          0x000000000003c9a8        0x4 /media/ijk98/EEFF-DBBA/empty_folder/other_doc/rasp_spi/RaspberryPi-FreeRTOS-final/build/Drivers/lan9514/lib/usbkeyboard.o
 .data          0x000000000003c9ac        0x0 /media/ijk98/EEFF-DBBA/empty_folder/other_doc/rasp_spi/RaspberryPi-FreeRTOS-final/build/Drivers/lan9514/lib/dwhcirootport.o
 .data          0x000000000003c9ac        0x4 /media/ijk98/EEFF-DBBA/empty_folder/other_doc/rasp_spi/RaspberryPi-FreeRTOS-final/build/Drivers/lan9514/lib/usbmouse.o
 .data          0x000000000003c9b0        0x0 /media/ijk98/EEFF-DBBA/empty_folder/other_doc/rasp_spi/RaspberryPi-FreeRTOS-final/build/Drivers/lan9514/lib/dwhciframeschednsplit.o
 .data          0x000000000003c9b0       0x39 /media/ijk98/EEFF-DBBA/empty_folder/other_doc/rasp_spi/RaspberryPi-FreeRTOS-final/build/Drivers/lan9514/lib/usbgamepad.o
 .data          0x000000000003c9e9        0x0 /media/ijk98/EEFF-DBBA/empty_folder/other_doc/rasp_spi/RaspberryPi-FreeRTOS-final/build/Drivers/lan9514/lib/synchronize.o
 .data          0x000000000003c9e9        0x0 /media/ijk98/EEFF-DBBA/empty_folder/other_doc/rasp_spi/RaspberryPi-FreeRTOS-final/build/Drivers/lan9514/lib/usbstring.o
 .data          0x000000000003c9e9        0x0 /media/ijk98/EEFF-DBBA/empty_folder/other_doc/rasp_spi/RaspberryPi-FreeRTOS-final/build/Drivers/FreeRTOS-Plus-TCP/FreeRTOS_ARP.o
 .data          0x000000000003c9e9        0x0 /media/ijk98/EEFF-DBBA/empty_folder/other_doc/rasp_spi/RaspberryPi-FreeRTOS-final/build/Drivers/FreeRTOS-Plus-TCP/FreeRTOS_DHCP.o
 .data          0x000000000003c9e9        0x0 /media/ijk98/EEFF-DBBA/empty_folder/other_doc/rasp_spi/RaspberryPi-FreeRTOS-final/build/Drivers/FreeRTOS-Plus-TCP/FreeRTOS_DNS.o
 .data          0x000000000003c9e9        0x0 /media/ijk98/EEFF-DBBA/empty_folder/other_doc/rasp_spi/RaspberryPi-FreeRTOS-final/build/Drivers/FreeRTOS-Plus-TCP/FreeRTOS_IP.o
 *fill*         0x000000000003c9e9        0x3 
 .data          0x000000000003c9ec        0x4 /media/ijk98/EEFF-DBBA/empty_folder/other_doc/rasp_spi/RaspberryPi-FreeRTOS-final/build/Drivers/FreeRTOS-Plus-TCP/FreeRTOS_Sockets.o
 .data          0x000000000003c9f0        0x0 /media/ijk98/EEFF-DBBA/empty_folder/other_doc/rasp_spi/RaspberryPi-FreeRTOS-final/build/Drivers/FreeRTOS-Plus-TCP/FreeRTOS_Stream_Buffer.o
 .data          0x000000000003c9f0        0x0 /media/ijk98/EEFF-DBBA/empty_folder/other_doc/rasp_spi/RaspberryPi-FreeRTOS-final/build/Drivers/FreeRTOS-Plus-TCP/FreeRTOS_TCP_IP.o
 .data          0x000000000003c9f0        0x0 /media/ijk98/EEFF-DBBA/empty_folder/other_doc/rasp_spi/RaspberryPi-FreeRTOS-final/build/Drivers/FreeRTOS-Plus-TCP/FreeRTOS_TCP_WIN.o
 .data          0x000000000003c9f0       0x18 /media/ijk98/EEFF-DBBA/empty_folder/other_doc/rasp_spi/RaspberryPi-FreeRTOS-final/build/Drivers/FreeRTOS-Plus-TCP/FreeRTOS_UDP_IP.o
                0x000000000003c9f0                xDefaultPartUDPPacketHeader
 .data          0x000000000003ca08        0x0 /media/ijk98/EEFF-DBBA/empty_folder/other_doc/rasp_spi/RaspberryPi-FreeRTOS-final/build/Drivers/FreeRTOS-Plus-TCP/portable/BufferManagement/BufferAllocation_2.o
 .data          0x000000000003ca08        0x8 /media/ijk98/EEFF-DBBA/empty_folder/other_doc/rasp_spi/RaspberryPi-FreeRTOS-final/build/Drivers/FreeRTOS-Plus-TCP/portable/NetworkInterface.o
 .data          0x000000000003ca10        0x0 /usr/lib/gcc/arm-none-eabi/8.3.1/libgcc.a(_udivsi3.o)
 .data          0x000000000003ca10        0x0 /usr/lib/gcc/arm-none-eabi/8.3.1/libgcc.a(_dvmd_tls.o)
 .data          0x000000000003ca10        0x0 /usr/lib/gcc/arm-none-eabi/8.3.1/libgcc.a(_arm_addsubdf3.o)
 .data          0x000000000003ca10        0x0 /usr/lib/gcc/arm-none-eabi/8.3.1/libgcc.a(_arm_fixdfsi.o)

.igot.plt       0x000000000003ca10        0x0
 .igot.plt      0x000000000003ca10        0x0 /media/ijk98/EEFF-DBBA/empty_folder/other_doc/rasp_spi/RaspberryPi-FreeRTOS-final/build/FreeRTOS/Source/portable/GCC/RaspberryPi/port.o

.bss            0x000000000003ca10    0x1ec30
                0x000000000003ca10                __bss_start = .
 *(.bss)
 .bss           0x000000000003ca10        0x0 /media/ijk98/EEFF-DBBA/empty_folder/other_doc/rasp_spi/RaspberryPi-FreeRTOS-final/build/FreeRTOS/Source/portable/GCC/RaspberryPi/port.o
 .bss           0x000000000003ca10        0x4 /media/ijk98/EEFF-DBBA/empty_folder/other_doc/rasp_spi/RaspberryPi-FreeRTOS-final/build/FreeRTOS/Source/portable/GCC/RaspberryPi/portisr.o
                0x000000000003ca10                g_bStarted
 .bss           0x000000000003ca14       0x80 /media/ijk98/EEFF-DBBA/empty_folder/other_doc/rasp_spi/RaspberryPi-FreeRTOS-final/build/FreeRTOS/Source/croutine.o
                0x000000000003ca80                pxCurrentCoRoutine
 .bss           0x000000000003ca94        0x0 /media/ijk98/EEFF-DBBA/empty_folder/other_doc/rasp_spi/RaspberryPi-FreeRTOS-final/build/FreeRTOS/Source/list.o
 .bss           0x000000000003ca94        0x0 /media/ijk98/EEFF-DBBA/empty_folder/other_doc/rasp_spi/RaspberryPi-FreeRTOS-final/build/FreeRTOS/Source/queue.o
 .bss           0x000000000003ca94      0x100 /media/ijk98/EEFF-DBBA/empty_folder/other_doc/rasp_spi/RaspberryPi-FreeRTOS-final/build/FreeRTOS/Source/tasks.o
                0x000000000003ca94                pxCurrentTCB
 .bss           0x000000000003cb94        0x0 /media/ijk98/EEFF-DBBA/empty_folder/other_doc/rasp_spi/RaspberryPi-FreeRTOS-final/build/FreeRTOS/Source/event_groups.o
 .bss           0x000000000003cb94      0x240 /media/ijk98/EEFF-DBBA/empty_folder/other_doc/rasp_spi/RaspberryPi-FreeRTOS-final/build/Drivers/interrupts.o
 .bss           0x000000000003cdd4        0x0 /media/ijk98/EEFF-DBBA/empty_folder/other_doc/rasp_spi/RaspberryPi-FreeRTOS-final/build/Drivers/gpio.o
 *fill*         0x000000000003cdd4        0x4 
 .bss           0x000000000003cdd8    0x1e010 /media/ijk98/EEFF-DBBA/empty_folder/other_doc/rasp_spi/RaspberryPi-FreeRTOS-final/build/FreeRTOS/Source/portable/MemMang/heap_4.o
                0x000000000005ade4                allocated
 .bss           0x000000000005ade8        0x0 /media/ijk98/EEFF-DBBA/empty_folder/other_doc/rasp_spi/RaspberryPi-FreeRTOS-final/build/Demo/startup.o
 .bss           0x000000000005ade8        0x0 /media/ijk98/EEFF-DBBA/empty_folder/other_doc/rasp_spi/RaspberryPi-FreeRTOS-final/build/Demo/main.o
 .bss           0x000000000005ade8        0x0 /media/ijk98/EEFF-DBBA/empty_folder/other_doc/rasp_spi/RaspberryPi-FreeRTOS-final/build/Drivers/mailbox.o
[...]
 .ARM.attributes
                0x00000000000000b4       0x2d /media/ijk98/EEFF-DBBA/empty_folder/other_doc/rasp_spi/RaspberryPi-FreeRTOS-final/build/FreeRTOS/Source/queue.o
 .ARM.attributes
                0x00000000000000e1       0x2d /media/ijk98/EEFF-DBBA/empty_folder/other_doc/rasp_spi/RaspberryPi-FreeRTOS-final/build/FreeRTOS/Source/tasks.o
 .ARM.attributes
                0x000000000000010e       0x2d /media/ijk98/EEFF-DBBA/empty_folder/other_doc/rasp_spi/RaspberryPi-FreeRTOS-final/build/FreeRTOS/Source/event_groups.o
 .ARM.attributes
                0x000000000000013b       0x2d /media/ijk98/EEFF-DBBA/empty_folder/other_doc/rasp_spi/RaspberryPi-FreeRTOS-final/build/Drivers/interrupts.o
 .ARM.attributes
                0x0000000000000168       0x2d /media/ijk98/EEFF-DBBA/empty_folder/other_doc/rasp_spi/RaspberryPi-FreeRTOS-final/build/Drivers/gpio.o
 .ARM.attributes
                0x0000000000000195       0x2d /media/ijk98/EEFF-DBBA/empty_folder/other_doc/rasp_spi/RaspberryPi-FreeRTOS-final/build/FreeRTOS/Source/portable/MemMang/heap_4.o
 .ARM.attributes
                0x00000000000001c2       0x1a /media/ijk98/EEFF-DBBA/empty_folder/other_doc/rasp_spi/RaspberryPi-FreeRTOS-final/build/Demo/startup.o
 .ARM.attributes
                0x00000000000001dc       0x2d /media/ijk98/EEFF-DBBA/empty_folder/other_doc/rasp_spi/RaspberryPi-FreeRTOS-final/build/Demo/main.o
 .ARM.attributes
                0x0000000000000209       0x2d /media/ijk98/EEFF-DBBA/empty_folder/other_doc/rasp_spi/RaspberryPi-FreeRTOS-final/build/Drivers/mailbox.o
 .ARM.attributes
                0x0000000000000236       0x2d /media/ijk98/EEFF-DBBA/empty_folder/other_doc/rasp_spi/RaspberryPi-FreeRTOS-final/build/Demo/trace.o
 .ARM.attributes
                0x0000000000000263       0x2d /media/ijk98/EEFF-DBBA/empty_folder/other_doc/rasp_spi/RaspberryPi-FreeRTOS-final/build/Drivers/mem.o
 .ARM.attributes
                0x0000000000000290       0x2d /media/ijk98/EEFF-DBBA/empty_folder/other_doc/rasp_spi/RaspberryPi-FreeRTOS-final/build/Drivers/video.o
 .ARM.attributes
                0x00000000000002bd       0x2d /media/ijk98/EEFF-DBBA/empty_folder/other_doc/rasp_spi/RaspberryPi-FreeRTOS-final/build/Drivers/lan9514/uspibind.o
 .ARM.attributes
                0x00000000000002ea       0x2d /media/ijk98/EEFF-DBBA/empty_folder/other_doc/rasp_spi/RaspberryPi-FreeRTOS-final/build/Drivers/lan9514/lib/uspilibrary.o
 .ARM.attributes
                0x0000000000000317       0x2d /media/ijk98/EEFF-DBBA/empty_folder/other_doc/rasp_spi/RaspberryPi-FreeRTOS-final/build/Drivers/lan9514/lib/dwhcidevice.o
 .ARM.attributes
                0x0000000000000344       0x2d /media/ijk98/EEFF-DBBA/empty_folder/other_doc/rasp_spi/RaspberryPi-FreeRTOS-final/build/Drivers/lan9514/lib/dwhciregister.o
 .ARM.attributes
                0x0000000000000371       0x2d /media/ijk98/EEFF-DBBA/empty_folder/other_doc/rasp_spi/RaspberryPi-FreeRTOS-final/build/Drivers/lan9514/lib/dwhcixferstagedata.o
 .ARM.attributes
                0x000000000000039e       0x2d /media/ijk98/EEFF-DBBA/empty_folder/other_doc/rasp_spi/RaspberryPi-FreeRTOS-final/build/Drivers/lan9514/lib/usbconfigparser.o
 .ARM.attributes
                0x00000000000003cb       0x2d /media/ijk98/EEFF-DBBA/empty_folder/other_doc/rasp_spi/RaspberryPi-FreeRTOS-final/build/Drivers/lan9514/lib/usbdevice.o
 .ARM.attributes
                0x00000000000003f8       0x2d /media/ijk98/EEFF-DBBA/empty_folder/other_doc/rasp_spi/RaspberryPi-FreeRTOS-final/build/Drivers/lan9514/lib/usbdevicefactory.o
 .ARM.attributes
                0x0000000000000425       0x2d /media/ijk98/EEFF-DBBA/empty_folder/other_doc/rasp_spi/RaspberryPi-FreeRTOS-final/build/Drivers/lan9514/lib/usbendpoint.o
 .ARM.attributes
                0x0000000000000452       0x2d /media/ijk98/EEFF-DBBA/empty_folder/other_doc/rasp_spi/RaspberryPi-FreeRTOS-final/build/Drivers/lan9514/lib/usbrequest.o
 .ARM.attributes
                0x000000000000047f       0x2d /media/ijk98/EEFF-DBBA/empty_folder/other_doc/rasp_spi/RaspberryPi-FreeRTOS-final/build/Drivers/lan9514/lib/usbstandardhub.o
 .ARM.attributes
                0x00000000000004ac       0x2d /media/ijk98/EEFF-DBBA/empty_folder/other_doc/rasp_spi/RaspberryPi-FreeRTOS-final/build/Drivers/lan9514/lib/devicenameservice.o
 .ARM.attributes
                0x00000000000004d9       0x2d /media/ijk98/EEFF-DBBA/empty_folder/other_doc/rasp_spi/RaspberryPi-FreeRTOS-final/build/Drivers/lan9514/lib/macaddress.o
 .ARM.attributes
                0x0000000000000506       0x2d /media/ijk98/EEFF-DBBA/empty_folder/other_doc/rasp_spi/RaspberryPi-FreeRTOS-final/build/Drivers/lan9514/lib/smsc951x.o
 .ARM.attributes
                0x0000000000000533       0x2d /media/ijk98/EEFF-DBBA/empty_folder/other_doc/rasp_spi/RaspberryPi-FreeRTOS-final/build/Drivers/lan9514/lib/string.o
 .ARM.attributes
                0x0000000000000560       0x2d /media/ijk98/EEFF-DBBA/empty_folder/other_doc/rasp_spi/RaspberryPi-FreeRTOS-final/build/Drivers/lan9514/lib/util.o
 .ARM.attributes
                0x000000000000058d       0x2d /media/ijk98/EEFF-DBBA/empty_folder/other_doc/rasp_spi/RaspberryPi-FreeRTOS-final/build/Drivers/lan9514/lib/usbmassdevice.o
 .ARM.attributes
                0x00000000000005ba       0x2d /media/ijk98/EEFF-DBBA/empty_folder/other_doc/rasp_spi/RaspberryPi-FreeRTOS-final/build/Drivers/lan9514/lib/dwhciframeschednper.o
 .ARM.attributes
                0x00000000000005e7       0x2d /media/ijk98/EEFF-DBBA/empty_folder/other_doc/rasp_spi/RaspberryPi-FreeRTOS-final/build/Drivers/lan9514/lib/dwhciframeschedper.o
 .ARM.attributes
                0x0000000000000614       0x2d /media/ijk98/EEFF-DBBA/empty_folder/other_doc/rasp_spi/RaspberryPi-FreeRTOS-final/build/Drivers/lan9514/lib/keymap.o
 .ARM.attributes
                0x0000000000000641       0x2d /media/ijk98/EEFF-DBBA/empty_folder/other_doc/rasp_spi/RaspberryPi-FreeRTOS-final/build/Drivers/lan9514/lib/usbkeyboard.o
 .ARM.attributes
                0x000000000000066e       0x2d /media/ijk98/EEFF-DBBA/empty_folder/other_doc/rasp_spi/RaspberryPi-FreeRTOS-final/build/Drivers/lan9514/lib/dwhcirootport.o
 .ARM.attributes
                0x000000000000069b       0x2d /media/ijk98/EEFF-DBBA/empty_folder/other_doc/rasp_spi/RaspberryPi-FreeRTOS-final/build/Drivers/lan9514/lib/usbmouse.o
 .ARM.attributes
                0x00000000000006c8       0x2d /media/ijk98/EEFF-DBBA/empty_folder/other_doc/rasp_spi/RaspberryPi-FreeRTOS-final/build/Drivers/lan9514/lib/dwhciframeschednsplit.o
 .ARM.attributes
                0x00000000000006f5       0x2d /media/ijk98/EEFF-DBBA/empty_folder/other_doc/rasp_spi/RaspberryPi-FreeRTOS-final/build/Drivers/lan9514/lib/usbgamepad.o
 .ARM.attributes
                0x0000000000000722       0x2d /media/ijk98/EEFF-DBBA/empty_folder/other_doc/rasp_spi/RaspberryPi-FreeRTOS-final/build/Drivers/lan9514/lib/synchronize.o
 .ARM.attributes
                0x000000000000074f       0x2d /media/ijk98/EEFF-DBBA/empty_folder/other_doc/rasp_spi/RaspberryPi-FreeRTOS-final/build/Drivers/lan9514/lib/usbstring.o
 .ARM.attributes
                0x000000000000077c       0x2d /media/ijk98/EEFF-DBBA/empty_folder/other_doc/rasp_spi/RaspberryPi-FreeRTOS-final/build/Drivers/FreeRTOS-Plus-TCP/FreeRTOS_ARP.o
 .ARM.attributes
                0x00000000000007a9       0x2d /media/ijk98/EEFF-DBBA/empty_folder/other_doc/rasp_spi/RaspberryPi-FreeRTOS-final/build/Drivers/FreeRTOS-Plus-TCP/FreeRTOS_DHCP.o
 .ARM.attributes
                0x00000000000007d6       0x2d /media/ijk98/EEFF-DBBA/empty_folder/other_doc/rasp_spi/RaspberryPi-FreeRTOS-final/build/Drivers/FreeRTOS-Plus-TCP/FreeRTOS_DNS.o
 .ARM.attributes
                0x0000000000000803       0x2d /media/ijk98/EEFF-DBBA/empty_folder/other_doc/rasp_spi/RaspberryPi-FreeRTOS-final/build/Drivers/FreeRTOS-Plus-TCP/FreeRTOS_IP.o
 .ARM.attributes
                0x0000000000000830       0x2d /media/ijk98/EEFF-DBBA/empty_folder/other_doc/rasp_spi/RaspberryPi-FreeRTOS-final/build/Drivers/FreeRTOS-Plus-TCP/FreeRTOS_Sockets.o
 .ARM.attributes
                0x000000000000085d       0x2d /media/ijk98/EEFF-DBBA/empty_folder/other_doc/rasp_spi/RaspberryPi-FreeRTOS-final/build/Drivers/FreeRTOS-Plus-TCP/FreeRTOS_Stream_Buffer.o
 .ARM.attributes
                0x000000000000088a       0x2d /media/ijk98/EEFF-DBBA/empty_folder/other_doc/rasp_spi/RaspberryPi-FreeRTOS-final/build/Drivers/FreeRTOS-Plus-TCP/FreeRTOS_TCP_IP.o
 .ARM.attributes
                0x00000000000008b7       0x2d /media/ijk98/EEFF-DBBA/empty_folder/other_doc/rasp_spi/RaspberryPi-FreeRTOS-final/build/Drivers/FreeRTOS-Plus-TCP/FreeRTOS_TCP_WIN.o
 .ARM.attributes
                0x00000000000008e4       0x2d /media/ijk98/EEFF-DBBA/empty_folder/other_doc/rasp_spi/RaspberryPi-FreeRTOS-final/build/Drivers/FreeRTOS-Plus-TCP/FreeRTOS_UDP_IP.o
 .ARM.attributes
                0x0000000000000911       0x2d /media/ijk98/EEFF-DBBA/empty_folder/other_doc/rasp_spi/RaspberryPi-FreeRTOS-final/build/Drivers/FreeRTOS-Plus-TCP/portable/BufferManagement/BufferAllocation_2.o
 .ARM.attributes
                0x000000000000093e       0x2d /media/ijk98/EEFF-DBBA/empty_folder/other_doc/rasp_spi/RaspberryPi-FreeRTOS-final/build/Drivers/FreeRTOS-Plus-TCP/portable/NetworkInterface.o
 .ARM.attributes
                0x000000000000096b       0x1c /usr/lib/gcc/arm-none-eabi/8.3.1/libgcc.a(_udivsi3.o)
 .ARM.attributes
                0x0000000000000987       0x1c /usr/lib/gcc/arm-none-eabi/8.3.1/libgcc.a(_dvmd_tls.o)
 .ARM.attributes
                0x00000000000009a3       0x1c /usr/lib/gcc/arm-none-eabi/8.3.1/libgcc.a(_arm_addsubdf3.o)
 .ARM.attributes
                0x00000000000009bf       0x1c /usr/lib/gcc/arm-none-eabi/8.3.1/libgcc.a(_arm_fixdfsi.o)

.debug_frame    0x0000000000000000     0x56ac
 .debug_frame   0x0000000000000000       0xb0 /media/ijk98/EEFF-DBBA/empty_folder/other_doc/rasp_spi/RaspberryPi-FreeRTOS-final/build/FreeRTOS/Source/portable/GCC/RaspberryPi/port.o
 .debug_frame   0x00000000000000b0       0x90 /media/ijk98/EEFF-DBBA/empty_folder/other_doc/rasp_spi/RaspberryPi-FreeRTOS-final/build/FreeRTOS/Source/portable/GCC/RaspberryPi/portisr.o
 .debug_frame   0x0000000000000140       0xf0 /media/ijk98/EEFF-DBBA/empty_folder/other_doc/rasp_spi/RaspberryPi-FreeRTOS-final/build/FreeRTOS/Source/croutine.o
 .debug_frame   0x0000000000000230       0xb0 /media/ijk98/EEFF-DBBA/empty_folder/other_doc/rasp_spi/RaspberryPi-FreeRTOS-final/build/FreeRTOS/Source/list.o
 .debug_frame   0x00000000000002e0      0x254 /media/ijk98/EEFF-DBBA/empty_folder/other_doc/rasp_spi/RaspberryPi-FreeRTOS-final/build/FreeRTOS/Source/queue.o
 .debug_frame   0x0000000000000534      0x514 /media/ijk98/EEFF-DBBA/empty_folder/other_doc/rasp_spi/RaspberryPi-FreeRTOS-final/build/FreeRTOS/Source/tasks.o
 .debug_frame   0x0000000000000a48      0x150 /media/ijk98/EEFF-DBBA/empty_folder/other_doc/rasp_spi/RaspberryPi-FreeRTOS-final/build/FreeRTOS/Source/event_groups.o
 .debug_frame   0x0000000000000b98      0x14c /media/ijk98/EEFF-DBBA/empty_folder/other_doc/rasp_spi/RaspberryPi-FreeRTOS-final/build/Drivers/interrupts.o
 .debug_frame   0x0000000000000ce4       0xf0 /media/ijk98/EEFF-DBBA/empty_folder/other_doc/rasp_spi/RaspberryPi-FreeRTOS-final/build/Drivers/gpio.o
 .debug_frame   0x0000000000000dd4       0xd0 /media/ijk98/EEFF-DBBA/empty_folder/other_doc/rasp_spi/RaspberryPi-FreeRTOS-final/build/FreeRTOS/Source/portable/MemMang/heap_4.o
 .debug_frame   0x0000000000000ea4       0xdc /media/ijk98/EEFF-DBBA/empty_folder/other_doc/rasp_spi/RaspberryPi-FreeRTOS-final/build/Demo/main.o
 .debug_frame   0x0000000000000f80       0x50 /media/ijk98/EEFF-DBBA/empty_folder/other_doc/rasp_spi/RaspberryPi-FreeRTOS-final/build/Drivers/mailbox.o
 .debug_frame   0x0000000000000fd0       0x58 /media/ijk98/EEFF-DBBA/empty_folder/other_doc/rasp_spi/RaspberryPi-FreeRTOS-final/build/Demo/trace.o
 .debug_frame   0x0000000000001028      0x114 /media/ijk98/EEFF-DBBA/empty_folder/other_doc/rasp_spi/RaspberryPi-FreeRTOS-final/build/Drivers/mem.o
 .debug_frame   0x000000000000113c      0x134 /media/ijk98/EEFF-DBBA/empty_folder/other_doc/rasp_spi/RaspberryPi-FreeRTOS-final/build/Drivers/video.o
 .debug_frame   0x0000000000001270      0x1a4 /media/ijk98/EEFF-DBBA/empty_folder/other_doc/rasp_spi/RaspberryPi-FreeRTOS-final/build/Drivers/lan9514/uspibind.o
 .debug_frame   0x0000000000001414      0x270 /media/ijk98/EEFF-DBBA/empty_folder/other_doc/rasp_spi/RaspberryPi-FreeRTOS-final/build/Drivers/lan9514/lib/uspilibrary.o
 .debug_frame   0x0000000000001684      0x4d4 /media/ijk98/EEFF-DBBA/empty_folder/other_doc/rasp_spi/RaspberryPi-FreeRTOS-final/build/Drivers/lan9514/lib/dwhcidevice.o
 .debug_frame   0x0000000000001b58      0x1f0 /media/ijk98/EEFF-DBBA/empty_folder/other_doc/rasp_spi/RaspberryPi-FreeRTOS-final/build/Drivers/lan9514/lib/dwhciregister.o
 .debug_frame   0x0000000000001d48      0x434 /media/ijk98/EEFF-DBBA/empty_folder/other_doc/rasp_spi/RaspberryPi-FreeRTOS-final/build/Drivers/lan9514/lib/dwhcixferstagedata.o
 .debug_frame   0x000000000000217c       0xb4 /media/ijk98/EEFF-DBBA/empty_folder/other_doc/rasp_spi/RaspberryPi-FreeRTOS-final/build/Drivers/lan9514/lib/usbconfigparser.o
 .debug_frame   0x0000000000002230      0x23c /media/ijk98/EEFF-DBBA/empty_folder/other_doc/rasp_spi/RaspberryPi-FreeRTOS-final/build/Drivers/lan9514/lib/usbdevice.o
 .debug_frame   0x000000000000246c       0x54 /media/ijk98/EEFF-DBBA/empty_folder/other_doc/rasp_spi/RaspberryPi-FreeRTOS-final/build/Drivers/lan9514/lib/usbdevicefactory.o
 .debug_frame   0x00000000000024c0      0x1d4 /media/ijk98/EEFF-DBBA/empty_folder/other_doc/rasp_spi/RaspberryPi-FreeRTOS-final/build/Drivers/lan9514/lib/usbendpoint.o
 .debug_frame   0x0000000000002694      0x190 /media/ijk98/EEFF-DBBA/empty_folder/other_doc/rasp_spi/RaspberryPi-FreeRTOS-final/build/Drivers/lan9514/lib/usbrequest.o
 .debug_frame   0x0000000000002824       0xd8 /media/ijk98/EEFF-DBBA/empty_folder/other_doc/rasp_spi/RaspberryPi-FreeRTOS-final/build/Drivers/lan9514/lib/usbstandardhub.o
 .debug_frame   0x00000000000028fc       0xac /media/ijk98/EEFF-DBBA/empty_folder/other_doc/rasp_spi/RaspberryPi-FreeRTOS-final/build/Drivers/lan9514/lib/devicenameservice.o
 .debug_frame   0x00000000000029a8      0x174 /media/ijk98/EEFF-DBBA/empty_folder/other_doc/rasp_spi/RaspberryPi-FreeRTOS-final/build/Drivers/lan9514/lib/macaddress.o
 .debug_frame   0x0000000000002b1c      0x160 /media/ijk98/EEFF-DBBA/empty_folder/other_doc/rasp_spi/RaspberryPi-FreeRTOS-final/build/Drivers/lan9514/lib/smsc951x.o
 .debug_frame   0x0000000000002c7c      0x208 /media/ijk98/EEFF-DBBA/empty_folder/other_doc/rasp_spi/RaspberryPi-FreeRTOS-final/build/Drivers/lan9514/lib/string.o
 .debug_frame   0x0000000000002e84      0x170 /media/ijk98/EEFF-DBBA/empty_folder/other_doc/rasp_spi/RaspberryPi-FreeRTOS-final/build/Drivers/lan9514/lib/util.o
 .debug_frame   0x0000000000002ff4      0x180 /media/ijk98/EEFF-DBBA/empty_folder/other_doc/rasp_spi/RaspberryPi-FreeRTOS-final/build/Drivers/lan9514/lib/usbmassdevice.o
 .debug_frame   0x0000000000003174       0xf0 /media/ijk98/EEFF-DBBA/empty_folder/other_doc/rasp_spi/RaspberryPi-FreeRTOS-final/build/Drivers/lan9514/lib/dwhciframeschednper.o
 .debug_frame   0x0000000000003264       0xf0 /media/ijk98/EEFF-DBBA/empty_folder/other_doc/rasp_spi/RaspberryPi-FreeRTOS-final/build/Drivers/lan9514/lib/dwhciframeschedper.o
 .debug_frame   0x0000000000003354       0xf4 /media/ijk98/EEFF-DBBA/empty_folder/other_doc/rasp_spi/RaspberryPi-FreeRTOS-final/build/Drivers/lan9514/lib/keymap.o
 .debug_frame   0x0000000000003448      0x198 /media/ijk98/EEFF-DBBA/empty_folder/other_doc/rasp_spi/RaspberryPi-FreeRTOS-final/build/Drivers/lan9514/lib/usbkeyboard.o
 .debug_frame   0x00000000000035e0       0x74 /media/ijk98/EEFF-DBBA/empty_folder/other_doc/rasp_spi/RaspberryPi-FreeRTOS-final/build/Drivers/lan9514/lib/dwhcirootport.o
 .debug_frame   0x0000000000003654       0xdc /media/ijk98/EEFF-DBBA/empty_folder/other_doc/rasp_spi/RaspberryPi-FreeRTOS-final/build/Drivers/lan9514/lib/usbmouse.o
 .debug_frame   0x0000000000003730       0xf0 /media/ijk98/EEFF-DBBA/empty_folder/other_doc/rasp_spi/RaspberryPi-FreeRTOS-final/build/Drivers/lan9514/lib/dwhciframeschednsplit.o
 .debug_frame   0x0000000000003820      0x184 /media/ijk98/EEFF-DBBA/empty_folder/other_doc/rasp_spi/RaspberryPi-FreeRTOS-final/build/Drivers/lan9514/lib/usbgamepad.o
 .debug_frame   0x00000000000039a4       0x5c /media/ijk98/EEFF-DBBA/empty_folder/other_doc/rasp_spi/RaspberryPi-FreeRTOS-final/build/Drivers/lan9514/lib/synchronize.o
 .debug_frame   0x0000000000003a00       0xe0 /media/ijk98/EEFF-DBBA/empty_folder/other_doc/rasp_spi/RaspberryPi-FreeRTOS-final/build/Drivers/lan9514/lib/usbstring.o
 .debug_frame   0x0000000000003ae0      0x130 /media/ijk98/EEFF-DBBA/empty_folder/other_doc/rasp_spi/RaspberryPi-FreeRTOS-final/build/Drivers/FreeRTOS-Plus-TCP/FreeRTOS_ARP.o
 .debug_frame   0x0000000000003c10      0x114 /media/ijk98/EEFF-DBBA/empty_folder/other_doc/rasp_spi/RaspberryPi-FreeRTOS-final/build/Drivers/FreeRTOS-Plus-TCP/FreeRTOS_DNS.o
 .debug_frame   0x0000000000003d24      0x534 /media/ijk98/EEFF-DBBA/empty_folder/other_doc/rasp_spi/RaspberryPi-FreeRTOS-final/build/Drivers/FreeRTOS-Plus-TCP/FreeRTOS_IP.o
 .debug_frame   0x0000000000004258      0x720 /media/ijk98/EEFF-DBBA/empty_folder/other_doc/rasp_spi/RaspberryPi-FreeRTOS-final/build/Drivers/FreeRTOS-Plus-TCP/FreeRTOS_Sockets.o
 .debug_frame   0x0000000000004978      0x110 /media/ijk98/EEFF-DBBA/empty_folder/other_doc/rasp_spi/RaspberryPi-FreeRTOS-final/build/Drivers/FreeRTOS-Plus-TCP/FreeRTOS_Stream_Buffer.o
 .debug_frame   0x0000000000004a88      0x564 /media/ijk98/EEFF-DBBA/empty_folder/other_doc/rasp_spi/RaspberryPi-FreeRTOS-final/build/Drivers/FreeRTOS-Plus-TCP/FreeRTOS_TCP_IP.o
 .debug_frame   0x0000000000004fec      0x420 /media/ijk98/EEFF-DBBA/empty_folder/other_doc/rasp_spi/RaspberryPi-FreeRTOS-final/build/Drivers/FreeRTOS-Plus-TCP/FreeRTOS_TCP_WIN.o
 .debug_frame   0x000000000000540c       0x54 /media/ijk98/EEFF-DBBA/empty_folder/other_doc/rasp_spi/RaspberryPi-FreeRTOS-final/build/Drivers/FreeRTOS-Plus-TCP/FreeRTOS_UDP_IP.o
 .debug_frame   0x0000000000005460       0xf0 /media/ijk98/EEFF-DBBA/empty_folder/other_doc/rasp_spi/RaspberryPi-FreeRTOS-final/build/Drivers/FreeRTOS-Plus-TCP/portable/BufferManagement/BufferAllocation_2.o
 .debug_frame   0x0000000000005550       0x6c /media/ijk98/EEFF-DBBA/empty_folder/other_doc/rasp_spi/RaspberryPi-FreeRTOS-final/build/Drivers/FreeRTOS-Plus-TCP/portable/NetworkInterface.o
 .debug_frame   0x00000000000055bc       0x20 /usr/lib/gcc/arm-none-eabi/8.3.1/libgcc.a(_udivsi3.o)
 .debug_frame   0x00000000000055dc       0xac /usr/lib/gcc/arm-none-eabi/8.3.1/libgcc.a(_arm_addsubdf3.o)
 .debug_frame   0x0000000000005688       0x24 /usr/lib/gcc/arm-none-eabi/8.3.1/libgcc.a(_arm_fixdfsi.o)

.debug_ranges   0x0000000000000000       0x90
 .debug_ranges  0x0000000000000000       0x18 /media/ijk98/EEFF-DBBA/empty_folder/other_doc/rasp_spi/RaspberryPi-FreeRTOS-final/build/Drivers/lan9514/lib/usbconfigparser.o
 .debug_ranges  0x0000000000000018       0x18 /media/ijk98/EEFF-DBBA/empty_folder/other_doc/rasp_spi/RaspberryPi-FreeRTOS-final/build/Drivers/lan9514/lib/usbdevice.o
 .debug_ranges  0x0000000000000030       0x18 /media/ijk98/EEFF-DBBA/empty_folder/other_doc/rasp_spi/RaspberryPi-FreeRTOS-final/build/Drivers/lan9514/lib/usbstandardhub.o
 .debug_ranges  0x0000000000000048       0x18 /media/ijk98/EEFF-DBBA/empty_folder/other_doc/rasp_spi/RaspberryPi-FreeRTOS-final/build/Drivers/lan9514/lib/string.o
 .debug_ranges  0x0000000000000060       0x18 /media/ijk98/EEFF-DBBA/empty_folder/other_doc/rasp_spi/RaspberryPi-FreeRTOS-final/build/Drivers/lan9514/lib/usbmassdevice.o
 .debug_ranges  0x0000000000000078       0x18 /media/ijk98/EEFF-DBBA/empty_folder/other_doc/rasp_spi/RaspberryPi-FreeRTOS-final/build/Drivers/FreeRTOS-Plus-TCP/FreeRTOS_TCP_IP.o
